../Application/Signal/sensorSignal.c:36:7:mapValue	32	static
../Application/Signal/sensorSignal.c:45:7:getPressure	16	static
../Application/Signal/sensorSignal.c:55:13:getRFButtonState	16	static
../Application/Signal/sensorSignal.c:97:6:getDataBms	8	static
../Application/Signal/sensorSignal.c:115:13:checkMotorConnecting	24	static
../Application/Signal/sensorSignal.c:135:13:checkQrReaderConnecting	24	static
../Application/Signal/sensorSignal.c:156:13:motorStarting	16	static
../Application/Signal/sensorSignal.c:181:13:qrReaderStarting	16	static
../Application/Signal/sensorSignal.c:203:6:HAL_UARTEx_RxEventCallback	16	static
../Application/Signal/sensorSignal.c:212:6:switch_mode_register_callback	16	static
../Application/Signal/sensorSignal.c:223:6:canOpenCallBack	16	static
../Application/Signal/sensorSignal.c:236:6:canOpenInit	8	static
../Application/Signal/sensorSignal.c:243:6:IOControl	40	static
../Application/Signal/sensorSignal.c:280:6:sensorTaskInit	8	static
