../Peripherals/oled/GUI_Paint.c:100:6:Paint_NewImage	24	static
../Peripherals/oled/GUI_Paint.c:129:6:Paint_SelectImage	16	static
../Peripherals/oled/GUI_Paint.c:139:6:Paint_SetRotate	16	static
../Peripherals/oled/GUI_Paint.c:146:6:Paint_SetScale	16	static
../Peripherals/oled/GUI_Paint.c:167:6:Paint_SetMirroring	16	static
../Peripherals/oled/GUI_Paint.c:183:6:Paint_SetPixel	48	static
../Peripherals/oled/GUI_Paint.c:265:6:Paint_Clear	40	static
../Peripherals/oled/GUI_Paint.c:302:6:Paint_ClearWindows	32	static
../Peripherals/oled/GUI_Paint.c:321:6:Paint_DrawPoint	32	static
../Peripherals/oled/GUI_Paint.c:358:6:Paint_DrawLine	64	static
../Peripherals/oled/GUI_Paint.c:412:6:Paint_DrawRectangle	48	static
../Peripherals/oled/GUI_Paint.c:444:6:Paint_DrawCircle	40	static
../Peripherals/oled/GUI_Paint.c:507:6:Paint_DrawChar	40	static
../Peripherals/oled/GUI_Paint.c:553:6:Paint_DrawString_EN	40	static
../Peripherals/oled/GUI_Paint.c:587:6:Paint_DrawString_CN	56	static
../Peripherals/oled/GUI_Paint.c:684:6:Paint_DrawNum	584	static
../Peripherals/oled/GUI_Paint.c:745:6:Paint_DrawTime	48	static
../Peripherals/oled/GUI_Paint.c:771:6:Paint_DrawBitMap	24	static
../Peripherals/oled/GUI_Paint.c:783:6:Paint_DrawBitMap_Block	24	static
../Peripherals/oled/GUI_Paint.c:819:6:Paint_DrawImage	80	dynamic
