../Peripherals/oled/Oled_PalletShuttle.c:15:6:drawGrid	48	static
../Peripherals/oled/Oled_PalletShuttle.c:38:6:DrawBatteryPage	48	static
../Peripherals/oled/Oled_PalletShuttle.c:63:6:DrawNumberPage	88	static
../Peripherals/oled/Oled_PalletShuttle.c:87:6:DrawBatteryStatus	32	static
../Peripherals/oled/Oled_PalletShuttle.c:101:6:DrawHeaderStatus	56	static
../Peripherals/oled/Oled_PalletShuttle.c:128:6:Start_oled	16	static
../Peripherals/oled/Oled_PalletShuttle.c:158:6:Waiting_oled	16	static
../Peripherals/oled/Oled_PalletShuttle.c:179:6:FloatToString	32	static
../Peripherals/oled/Oled_PalletShuttle.c:220:6:Home_oled	120	static
../Peripherals/oled/Oled_PalletShuttle.c:259:6:Charging_oled	112	static
../Peripherals/oled/Oled_PalletShuttle.c:289:6:CaseError_oled	96	static
../Peripherals/oled/Oled_PalletShuttle.c:333:6:DrawBattery_ver	48	static
../Peripherals/oled/Oled_PalletShuttle.c:389:6:DrawBattery_hoz	48	static
../Peripherals/oled/Oled_PalletShuttle.c:442:6:MovePupil	40	static
../Peripherals/oled/Oled_PalletShuttle.c:452:6:DrawEye	32	static
../Peripherals/oled/Oled_PalletShuttle.c:459:6:EyeAnimation	56	static
