../Peripherals/oled/Oled_Config.c:19:28:OLED_Error_Callback	16	static
../Peripherals/oled/Oled_Config.c:21:6:init_i2c	16	static
../Peripherals/oled/Oled_Config.c:31:9:Driver_Delay_ms	16	static
../Peripherals/oled/Oled_Config.c:67:9:System_Init	8	static
../Peripherals/oled/Oled_Config.c:96:6:I2C_Write_Byte	24	static
../Peripherals/oled/Oled_Config.c:113:20:OLED_2in42_WriteReg	16	static
../Peripherals/oled/Oled_Config.c:117:20:OLED_2in42_WriteData	16	static
../Peripherals/oled/Oled_Config.c:149:6:HAL_I2C_MasterTxCpltCallback	16	static
../Peripherals/oled/Oled_Config.c:158:13:OLED_2in42_InitReg	8	static
../Peripherals/oled/Oled_Config.c:186:6:OLED_2in42_Init	16	static
../Peripherals/oled/Oled_Config.c:201:6:OLED_2in42_Clear	16	static
../Peripherals/oled/Oled_Config.c:219:6:OLED_2in42_Display	24	static
../Peripherals/oled/Oled_Config.c:239:6:Init_BlackImage	24	static
../Peripherals/oled/Oled_Config.c:249:6:Init_WhiteImage	24	static
