../Peripherals/Motor/MotorControl.c:33:6:setKincoErrorStatus	16	static
../Peripherals/Motor/MotorControl.c:52:6:MotorIsConnected	16	static
../Peripherals/Motor/MotorControl.c:60:6:kincoRecieverCallback	56	static
../Peripherals/Motor/MotorControl.c:88:19:CreateMessage	80	static
../Peripherals/Motor/MotorControl.c:117:6:MotorInit	16	static
../Peripherals/Motor/MotorControl.c:121:6:setHeartBeatTime	72	static
../Peripherals/Motor/MotorControl.c:137:6:SetOperationMode	72	static
../Peripherals/Motor/MotorControl.c:153:6:SetControlWord	72	static
../Peripherals/Motor/MotorControl.c:168:6:SDOSetSpeed	128	static
../Peripherals/Motor/MotorControl.c:183:6:SDOProfileAcc	104	static
../Peripherals/Motor/MotorControl.c:199:6:SDOProfileDec	104	static
../Peripherals/Motor/MotorControl.c:216:6:SDOResetErrors	72	static
../Peripherals/Motor/MotorControl.c:232:6:SetSpeed	120	static
../Peripherals/Motor/MotorControl.c:242:6:NMTmanagement	24	static
../Peripherals/Motor/MotorControl.c:256:6:readParameter	16	static
../Peripherals/Motor/MotorControl.c:277:6:motorControl	24	static
../Peripherals/Motor/MotorControl.c:309:6:motorErrorReset	8	static
../Peripherals/Motor/MotorControl.c:317:8:rpmToSpeed	40	static
../Peripherals/Motor/MotorControl.c:327:5:speedToRpm	40	static
../Peripherals/Motor/MotorControl.c:337:5:speedToRps	16	static
../Peripherals/Motor/MotorControl.c:342:5:distanceToPulses	40	static
../Peripherals/Motor/MotorControl.c:355:8:calculateAcceleration	56	static
