../Peripherals/Motor/MotorControl.c:32:6:setKincoErrorStatus	16	static
../Peripherals/Motor/MotorControl.c:51:6:MotorIsConnected	16	static
../Peripherals/Motor/MotorControl.c:59:6:kincoRecieverCallback	56	static
../Peripherals/Motor/MotorControl.c:87:19:CreateMessage	80	static
../Peripherals/Motor/MotorControl.c:116:6:MotorInit	16	static
../Peripherals/Motor/MotorControl.c:120:6:setHeartBeatTime	72	static
../Peripherals/Motor/MotorControl.c:136:6:SetOperationMode	72	static
../Peripherals/Motor/MotorControl.c:152:6:SetControlWord	72	static
../Peripherals/Motor/MotorControl.c:167:6:SDOSetSpeed	128	static
../Peripherals/Motor/MotorControl.c:182:6:SDOProfileAcc	104	static
../Peripherals/Motor/MotorControl.c:198:6:SDOProfileDec	104	static
../Peripherals/Motor/MotorControl.c:215:6:SDOResetErrors	72	static
../Peripherals/Motor/MotorControl.c:231:6:SetSpeed	120	static
../Peripherals/Motor/MotorControl.c:241:6:NMTmanagement	24	static
../Peripherals/Motor/MotorControl.c:255:6:readParameter	16	static
../Peripherals/Motor/MotorControl.c:276:6:motorControl	24	static
../Peripherals/Motor/MotorControl.c:306:6:motorErrorReset	8	static
../Peripherals/Motor/MotorControl.c:314:8:rpmToSpeed	40	static
../Peripherals/Motor/MotorControl.c:324:5:speedToRpm	40	static
../Peripherals/Motor/MotorControl.c:334:5:speedToRps	16	static
../Peripherals/Motor/MotorControl.c:339:5:distanceToPulses	40	static
../Peripherals/Motor/MotorControl.c:352:8:calculateAcceleration	56	static
