../Peripherals/Motor/MotorControl.c:33:6:setKincoErrorStatus	16	static
../Peripherals/Motor/MotorControl.c:52:6:MotorIsConnected	16	static
../Peripherals/Motor/MotorControl.c:59:6:kincoRecieverCallback	56	static
../Peripherals/Motor/MotorControl.c:86:19:CreateMessage	80	static
../Peripherals/Motor/MotorControl.c:115:6:MotorInit	16	static
../Peripherals/Motor/MotorControl.c:119:6:setHeartBeatTime	72	static
../Peripherals/Motor/MotorControl.c:135:6:SetOperationMode	72	static
../Peripherals/Motor/MotorControl.c:151:6:SetControlWord	72	static
../Peripherals/Motor/MotorControl.c:166:6:SDOSetSpeed	128	static
../Peripherals/Motor/MotorControl.c:181:6:SDOProfileAcc	104	static
../Peripherals/Motor/MotorControl.c:197:6:SDOProfileDec	104	static
../Peripherals/Motor/MotorControl.c:214:6:SDOResetErrors	72	static
../Peripherals/Motor/MotorControl.c:230:6:SetSpeed	120	static
../Peripherals/Motor/MotorControl.c:240:6:SetSpeedAndEnable	120	static
../Peripherals/Motor/MotorControl.c:253:6:NMTmanagement	24	static
../Peripherals/Motor/MotorControl.c:267:6:readParameter	16	static
../Peripherals/Motor/MotorControl.c:310:6:motorControl	24	static
../Peripherals/Motor/MotorControl.c:342:6:motorErrorReset	8	static
../Peripherals/Motor/MotorControl.c:350:8:rpmToSpeed	40	static
../Peripherals/Motor/MotorControl.c:360:5:speedToRpm	40	static
../Peripherals/Motor/MotorControl.c:370:5:speedToRps	16	static
../Peripherals/Motor/MotorControl.c:375:5:distanceToPulses	40	static
../Peripherals/Motor/MotorControl.c:388:8:calculateAcceleration	56	static
