../Communication/Ethernet/moongose/mongoose.h:208:21:mg_calloc	24	static
../Communication/Ethernet/moongose/mongoose.c:6349:14:mg_ota_boot	72	static
../Communication/Ethernet/moongose/mongoose.c:27:12:mg_base64_encode_single	16	static
../Communication/Ethernet/moongose/mongoose.c:39:12:mg_base64_decode_single	16	static
../Communication/Ethernet/moongose/mongoose.c:57:8:mg_base64_update	32	static
../Communication/Ethernet/moongose/mongoose.c:73:8:mg_base64_final	24	static
../Communication/Ethernet/moongose/mongoose.c:84:8:mg_base64_encode	32	static
../Communication/Ethernet/moongose/mongoose.c:93:8:mg_base64_decode	48	static
../Communication/Ethernet/moongose/mongoose.c:254:8:mg_flash_next	48	static
../Communication/Ethernet/moongose/mongoose.c:267:14:flash_last_sector	24	static
../Communication/Ethernet/moongose/mongoose.c:275:6:mg_flash_load	64	static
../Communication/Ethernet/moongose/mongoose.c:302:13:mg_flash_sector_cleanup	80	static
../Communication/Ethernet/moongose/mongoose.c:337:6:mg_flash_save	112	dynamic
../Communication/Ethernet/moongose/mongoose.c:921:15:mg_flash_start	4	static
../Communication/Ethernet/moongose/mongoose.c:924:16:mg_flash_size	4	static
../Communication/Ethernet/moongose/mongoose.c:927:16:mg_flash_sector_size	4	static
../Communication/Ethernet/moongose/mongoose.c:930:16:mg_flash_write_align	4	static
../Communication/Ethernet/moongose/mongoose.c:933:13:mg_flash_bank	8	static
../Communication/Ethernet/moongose/mongoose.c:938:21:flash_unlock	8	static
../Communication/Ethernet/moongose/mongoose.c:953:21:flash_page_start	40	static
../Communication/Ethernet/moongose/mongoose.c:959:21:flash_is_err	16	static
../Communication/Ethernet/moongose/mongoose.c:963:21:flash_wait	16	static
../Communication/Ethernet/moongose/mongoose.c:967:21:flash_clear_err	16	static
../Communication/Ethernet/moongose/mongoose.c:972:21:flash_bank_is_swapped	16	static
../Communication/Ethernet/moongose/mongoose.c:977:25:flash_bank	24	static
../Communication/Ethernet/moongose/mongoose.c:983:14:mg_flash_erase	48	static
../Communication/Ethernet/moongose/mongoose.c:1010:14:mg_flash_swap_bank	16	static
../Communication/Ethernet/moongose/mongoose.c:1024:14:mg_flash_write	56	static,ignoring_inline_asm
../Communication/Ethernet/moongose/mongoose.c:1054:14:mg_device_reset	4	static
../Communication/Ethernet/moongose/mongoose.c:1081:13:mg_dns_free	24	static
../Communication/Ethernet/moongose/mongoose.c:1086:6:mg_resolve_cancel	32	static
../Communication/Ethernet/moongose/mongoose.c:1095:15:mg_dns_parse_name_depth	56	static
../Communication/Ethernet/moongose/mongoose.c:1132:15:mg_dns_parse_name	40	static
../Communication/Ethernet/moongose/mongoose.c:1137:8:mg_dns_parse_rr	40	static
../Communication/Ethernet/moongose/mongoose.c:1161:6:mg_dns_parse	64	static
../Communication/Ethernet/moongose/mongoose.c:1203:13:dns_cb	344	static
../Communication/Ethernet/moongose/mongoose.c:1259:13:mg_dns_send	312	static
../Communication/Ethernet/moongose/mongoose.c:1286:13:mg_sendnsreq	56	static
../Communication/Ethernet/moongose/mongoose.c:1318:6:mg_resolve	40	static
../Communication/Ethernet/moongose/mongoose.c:1340:6:mg_call	24	static
../Communication/Ethernet/moongose/mongoose.c:1357:6:mg_error	92	static
../Communication/Ethernet/moongose/mongoose.c:1375:13:is_digit	16	static
../Communication/Ethernet/moongose/mongoose.c:1379:12:addexp	32	static
../Communication/Ethernet/moongose/mongoose.c:1391:12:xisinf	24	static
../Communication/Ethernet/moongose/mongoose.c:1400:12:xisnan	24	static
../Communication/Ethernet/moongose/mongoose.c:1410:15:mg_dtoa	128	static
../Communication/Ethernet/moongose/mongoose.c:1469:15:mg_lld	64	static
../Communication/Ethernet/moongose/mongoose.c:1491:15:scpy	32	static
../Communication/Ethernet/moongose/mongoose.c:1498:8:mg_xprintf	24	static
../Communication/Ethernet/moongose/mongoose.c:1507:8:mg_vxprintf	176	static
../Communication/Ethernet/moongose/mongoose.c:1602:15:mg_fs_open	32	static
../Communication/Ethernet/moongose/mongoose.c:1615:6:mg_fs_close	16	static
../Communication/Ethernet/moongose/mongoose.c:1622:15:mg_file_read	40	static
../Communication/Ethernet/moongose/mongoose.c:1639:6:mg_file_write	168	static
../Communication/Ethernet/moongose/mongoose.c:1658:6:mg_file_printf	32	static
../Communication/Ethernet/moongose/mongoose.c:1675:13:mg_fs_ls_fn	24	static
../Communication/Ethernet/moongose/mongoose.c:1684:6:mg_fs_ls	32	static
../Communication/Ethernet/moongose/mongoose.c:1848:15:mg_unpacked	24	static
../Communication/Ethernet/moongose/mongoose.c:1854:12:is_dir_prefix	24	static
../Communication/Ethernet/moongose/mongoose.c:1860:12:packed_stat	40	static
../Communication/Ethernet/moongose/mongoose.c:1871:13:packed_list	312	static
../Communication/Ethernet/moongose/mongoose.c:1892:14:packed_open	32	static
../Communication/Ethernet/moongose/mongoose.c:1905:13:packed_close	16	static
../Communication/Ethernet/moongose/mongoose.c:1909:15:packed_read	32	static
../Communication/Ethernet/moongose/mongoose.c:1917:15:packed_write	24	static
../Communication/Ethernet/moongose/mongoose.c:1922:15:packed_seek	24	static
../Communication/Ethernet/moongose/mongoose.c:1929:13:packed_rename	16	static
../Communication/Ethernet/moongose/mongoose.c:1934:13:packed_remove	16	static
../Communication/Ethernet/moongose/mongoose.c:1939:13:packed_mkdir	16	static
../Communication/Ethernet/moongose/mongoose.c:2170:12:p_stat	24	static
../Communication/Ethernet/moongose/mongoose.c:2174:13:p_list	24	static
../Communication/Ethernet/moongose/mongoose.c:2178:14:p_open	16	static
../Communication/Ethernet/moongose/mongoose.c:2182:13:p_close	16	static
../Communication/Ethernet/moongose/mongoose.c:2185:15:p_read	24	static
../Communication/Ethernet/moongose/mongoose.c:2189:15:p_write	24	static
../Communication/Ethernet/moongose/mongoose.c:2193:15:p_seek	16	static
../Communication/Ethernet/moongose/mongoose.c:2197:13:p_rename	16	static
../Communication/Ethernet/moongose/mongoose.c:2201:13:p_remove	16	static
../Communication/Ethernet/moongose/mongoose.c:2205:13:p_mkdir	16	static
../Communication/Ethernet/moongose/mongoose.c:2230:12:mg_ncasecmp	40	static
../Communication/Ethernet/moongose/mongoose.c:2242:6:mg_to_size_t	48	static
../Communication/Ethernet/moongose/mongoose.c:2276:8:mg_http_next_multipart	112	static
../Communication/Ethernet/moongose/mongoose.c:2316:6:mg_http_bauth	56	static
../Communication/Ethernet/moongose/mongoose.c:2342:15:mg_http_var	64	static
../Communication/Ethernet/moongose/mongoose.c:2354:5:mg_http_get_var	56	static
../Communication/Ethernet/moongose/mongoose.c:2376:13:isx	16	static
../Communication/Ethernet/moongose/mongoose.c:2381:5:mg_url_decode	48	static
../Communication/Ethernet/moongose/mongoose.c:2403:13:isok	16	static
../Communication/Ethernet/moongose/mongoose.c:2407:5:mg_http_get_request_len	24	static
../Communication/Ethernet/moongose/mongoose.c:2417:16:mg_http_get_header	40	static
../Communication/Ethernet/moongose/mongoose.c:2427:13:vcb	16	static
../Communication/Ethernet/moongose/mongoose.c:2432:15:clen	32	static
../Communication/Ethernet/moongose/mongoose.c:2444:20:skiptorn	24	static
../Communication/Ethernet/moongose/mongoose.c:2453:13:mg_http_parse_headers	48	static
../Communication/Ethernet/moongose/mongoose.c:2477:5:mg_http_parse	72	static
../Communication/Ethernet/moongose/mongoose.c:2550:13:mg_http_vprintf_chunk	32	static
../Communication/Ethernet/moongose/mongoose.c:2563:6:mg_http_printf_chunk	28	static
../Communication/Ethernet/moongose/mongoose.c:2570:6:mg_http_write_chunk	24	static
../Communication/Ethernet/moongose/mongoose.c:2578:20:mg_http_status_code_str	16	static
../Communication/Ethernet/moongose/mongoose.c:2648:6:mg_http_reply	52	static
../Communication/Ethernet/moongose/mongoose.c:2667:13:restore_http_cb	16	static
../Communication/Ethernet/moongose/mongoose.c:2675:7:mg_http_etag	48	static
../Communication/Ethernet/moongose/mongoose.c:2680:13:static_cb	48	static
../Communication/Ethernet/moongose/mongoose.c:2739:22:guess_content_type	88	static
../Communication/Ethernet/moongose/mongoose.c:2763:12:getrange	56	static
../Communication/Ethernet/moongose/mongoose.c:2779:6:mg_http_serve_file	520	static
../Communication/Ethernet/moongose/mongoose.c:2988:12:uri_to_path2	72	static
../Communication/Ethernet/moongose/mongoose.c:3048:12:uri_to_path	120	static
../Communication/Ethernet/moongose/mongoose.c:3063:6:mg_http_serve_dir	184	static
../Communication/Ethernet/moongose/mongoose.c:3083:13:mg_is_url_safe	16	static
../Communication/Ethernet/moongose/mongoose.c:3088:8:mg_url_encode	48	static
../Communication/Ethernet/moongose/mongoose.c:3105:6:mg_http_creds	328	static
../Communication/Ethernet/moongose/mongoose.c:3127:22:stripquotes	24	static
../Communication/Ethernet/moongose/mongoose.c:3133:15:mg_http_get_header_var	56	static
../Communication/Ethernet/moongose/mongoose.c:3150:6:mg_http_upload	344	static
../Communication/Ethernet/moongose/mongoose.c:3194:5:mg_http_status	16	static
../Communication/Ethernet/moongose/mongoose.c:3198:13:is_hex_digit	16	static
../Communication/Ethernet/moongose/mongoose.c:3203:12:skip_chunk	48	static
../Communication/Ethernet/moongose/mongoose.c:3219:13:http_cb	656	static
../Communication/Ethernet/moongose/mongoose.c:3326:13:mg_hfn	56	static
../Communication/Ethernet/moongose/mongoose.c:3345:6:mg_hello	96	static
../Communication/Ethernet/moongose/mongoose.c:3354:23:mg_http_connect	32	static
../Communication/Ethernet/moongose/mongoose.c:3361:23:mg_http_listen	32	static
../Communication/Ethernet/moongose/mongoose.c:3376:15:roundup	16	static
../Communication/Ethernet/moongose/mongoose.c:3380:5:mg_iobuf_resize	56	static
../Communication/Ethernet/moongose/mongoose.c:3407:5:mg_iobuf_init	24	static
../Communication/Ethernet/moongose/mongoose.c:3414:8:mg_iobuf_add	32	static
../Communication/Ethernet/moongose/mongoose.c:3426:8:mg_iobuf_del	24	static
../Communication/Ethernet/moongose/mongoose.c:3435:6:mg_iobuf_free	16	static
../Communication/Ethernet/moongose/mongoose.c:3446:20:escapeseq	16	static
../Communication/Ethernet/moongose/mongoose.c:3450:13:json_esc	32	static
../Communication/Ethernet/moongose/mongoose.c:3458:12:mg_pass_string	24	static
../Communication/Ethernet/moongose/mongoose.c:3472:15:mg_atod	72	static
../Communication/Ethernet/moongose/mongoose.c:3519:8:mg_json_next	64	static
../Communication/Ethernet/moongose/mongoose.c:3567:5:mg_json_get	120	static
../Communication/Ethernet/moongose/mongoose.c:3710:15:mg_json_get_tok	32	static
../Communication/Ethernet/moongose/mongoose.c:3716:6:mg_json_get_num	48	static
../Communication/Ethernet/moongose/mongoose.c:3726:6:mg_json_get_bool	40	static
../Communication/Ethernet/moongose/mongoose.c:3735:6:mg_json_unescape	64	static
../Communication/Ethernet/moongose/mongoose.c:3760:7:mg_json_get_str	48	static
../Communication/Ethernet/moongose/mongoose.c:3774:7:mg_json_get_b64	48	static
../Communication/Ethernet/moongose/mongoose.c:3786:7:mg_json_get_hex	64	static
../Communication/Ethernet/moongose/mongoose.c:3802:6:mg_json_get_long	48	static
../Communication/Ethernet/moongose/mongoose.c:3821:6:mg_log_set_fn	16	static
../Communication/Ethernet/moongose/mongoose.c:3826:13:logc	16	static
../Communication/Ethernet/moongose/mongoose.c:3830:13:logs	24	static
../Communication/Ethernet/moongose/mongoose.c:3838:6:mg_log_prefix	112	static
../Communication/Ethernet/moongose/mongoose.c:3850:6:mg_log	16	static
../Communication/Ethernet/moongose/mongoose.c:3859:22:nibble	16	static
../Communication/Ethernet/moongose/mongoose.c:3864:6:mg_hexdump	48	static
../Communication/Ethernet/moongose/mongoose.c:3907:13:mg_byte_reverse	24	static
../Communication/Ethernet/moongose/mongoose.c:3932:6:mg_md5_init	16	static
../Communication/Ethernet/moongose/mongoose.c:3942:13:mg_md5_transform	32	static
../Communication/Ethernet/moongose/mongoose.c:4024:6:mg_md5_update	32	static
../Communication/Ethernet/moongose/mongoose.c:4059:6:mg_md5_final	32	static
../Communication/Ethernet/moongose/mongoose.c:4141:6:mg_mqtt_send_header	40	static
../Communication/Ethernet/moongose/mongoose.c:4154:13:mg_send_u16	16	static
../Communication/Ethernet/moongose/mongoose.c:4158:13:mg_send_u32	16	static
../Communication/Ethernet/moongose/mongoose.c:4162:16:varint_size	24	static
../Communication/Ethernet/moongose/mongoose.c:4171:15:encode_varint	24	static
../Communication/Ethernet/moongose/mongoose.c:4184:15:decode_varint	40	static
../Communication/Ethernet/moongose/mongoose.c:4199:12:mqtt_prop_type_by_id	24	static
../Communication/Ethernet/moongose/mongoose.c:4209:15:get_properties_length	24	static
../Communication/Ethernet/moongose/mongoose.c:4246:15:get_props_size	24	static
../Communication/Ethernet/moongose/mongoose.c:4252:13:mg_send_mqtt_properties	48	static
../Communication/Ethernet/moongose/mongoose.c:4294:8:mg_mqtt_next_prop	40	static
../Communication/Ethernet/moongose/mongoose.c:4348:6:mg_mqtt_login	64	static
../Communication/Ethernet/moongose/mongoose.c:4413:10:mg_mqtt_pub	40	static
../Communication/Ethernet/moongose/mongoose.c:4441:6:mg_mqtt_sub	32	static
../Communication/Ethernet/moongose/mongoose.c:4456:5:mg_mqtt_parse	48	static
../Communication/Ethernet/moongose/mongoose.c:4527:13:mqtt_cb	112	static
../Communication/Ethernet/moongose/mongoose.c:4597:6:mg_mqtt_ping	16	static
../Communication/Ethernet/moongose/mongoose.c:4601:6:mg_mqtt_pong	16	static
../Communication/Ethernet/moongose/mongoose.c:4605:6:mg_mqtt_disconnect	24	static
../Communication/Ethernet/moongose/mongoose.c:4618:23:mg_mqtt_connect	96	static
../Communication/Ethernet/moongose/mongoose.c:4631:23:mg_mqtt_listen	32	static
../Communication/Ethernet/moongose/mongoose.c:4650:8:mg_vprintf	32	static
../Communication/Ethernet/moongose/mongoose.c:4656:8:mg_printf	28	static
../Communication/Ethernet/moongose/mongoose.c:4665:13:mg_atonl	40	static
../Communication/Ethernet/moongose/mongoose.c:4673:13:mg_atone	24	static
../Communication/Ethernet/moongose/mongoose.c:4680:13:mg_aton4	40	static
../Communication/Ethernet/moongose/mongoose.c:4701:13:mg_v4mapped	40	static
../Communication/Ethernet/moongose/mongoose.c:4719:13:mg_aton6	72	static
../Communication/Ethernet/moongose/mongoose.c:4761:6:mg_aton	24	static
../Communication/Ethernet/moongose/mongoose.c:4767:23:mg_alloc_conn	24	static
../Communication/Ethernet/moongose/mongoose.c:4779:6:mg_close_conn	24	static
../Communication/Ethernet/moongose/mongoose.c:4799:23:mg_connect	32	static
../Communication/Ethernet/moongose/mongoose.c:4820:23:mg_listen	32	static
../Communication/Ethernet/moongose/mongoose.c:4843:23:mg_wrapfd	32	static
../Communication/Ethernet/moongose/mongoose.c:4857:18:mg_timer_add	48	static
../Communication/Ethernet/moongose/mongoose.c:4867:6:mg_io_recv	24	static
../Communication/Ethernet/moongose/mongoose.c:4875:6:mg_mgr_free	32	static
../Communication/Ethernet/moongose/mongoose.c:4892:6:mg_mgr_init	16	static
../Communication/Ethernet/moongose/mongoose.c:5063:13:mg_tcpip_call	24	static
../Communication/Ethernet/moongose/mongoose.c:5069:13:mkpay	32	static
../Communication/Ethernet/moongose/mongoose.c:5074:17:csumup	32	static
../Communication/Ethernet/moongose/mongoose.c:5081:17:csumfin	16	static
../Communication/Ethernet/moongose/mongoose.c:5086:17:ipcsum	24	static
../Communication/Ethernet/moongose/mongoose.c:5091:13:settmout	56	static
../Communication/Ethernet/moongose/mongoose.c:5104:15:ether_output	24	static
../Communication/Ethernet/moongose/mongoose.c:5110:13:arp_ask	24	static
../Communication/Ethernet/moongose/mongoose.c:5124:13:onstatechange	16	static
../Communication/Ethernet/moongose/mongoose.c:5139:19:tx_ip	32	static
../Communication/Ethernet/moongose/mongoose.c:5159:13:tx_udp	48	static
../Communication/Ethernet/moongose/mongoose.c:5181:13:tx_dhcp	320	static
../Communication/Ethernet/moongose/mongoose.c:5198:13:tx_dhcp_request_sel	80	static
../Communication/Ethernet/moongose/mongoose.c:5220:13:tx_dhcp_request_re	48	static
../Communication/Ethernet/moongose/mongoose.c:5230:13:tx_dhcp_discover	40	static
../Communication/Ethernet/moongose/mongoose.c:5240:30:getpeer	32	static
../Communication/Ethernet/moongose/mongoose.c:5257:13:rx_arp	48	static
../Communication/Ethernet/moongose/mongoose.c:5295:13:rx_icmp	48	static
../Communication/Ethernet/moongose/mongoose.c:5311:13:rx_dhcp_client	96	static
../Communication/Ethernet/moongose/mongoose.c:5372:13:rx_dhcp_server	368	static
../Communication/Ethernet/moongose/mongoose.c:5411:13:rx_udp	24	static
../Communication/Ethernet/moongose/mongoose.c:5433:15:tx_tcp	88	static
../Communication/Ethernet/moongose/mongoose.c:5473:15:tx_tcp_pkt	72	static
../Communication/Ethernet/moongose/mongoose.c:5482:30:accept_conn	32	static
../Communication/Ethernet/moongose/mongoose.c:5509:15:trim_len	48	static
../Communication/Ethernet/moongose/mongoose.c:5536:6:mg_io_send	80	static
../Communication/Ethernet/moongose/mongoose.c:5559:13:handle_tls_recv	24	static
../Communication/Ethernet/moongose/mongoose.c:5570:13:read_conn	88	static
../Communication/Ethernet/moongose/mongoose.c:5658:13:rx_tcp	48	static
../Communication/Ethernet/moongose/mongoose.c:5708:13:rx_ip	64	static
../Communication/Ethernet/moongose/mongoose.c:5752:13:rx_ip6	16	static
../Communication/Ethernet/moongose/mongoose.c:5768:13:mg_tcpip_rx	88	static
../Communication/Ethernet/moongose/mongoose.c:5812:13:mg_tcpip_poll	104	static
../Communication/Ethernet/moongose/mongoose.c:5912:6:mg_tcpip_qwrite	32	static
../Communication/Ethernet/moongose/mongoose.c:5923:6:mg_tcpip_init	24	static
../Communication/Ethernet/moongose/mongoose.c:5954:6:mg_tcpip_free	16	static
../Communication/Ethernet/moongose/mongoose.c:5959:13:send_syn	64	static
../Communication/Ethernet/moongose/mongoose.c:5969:13:mac_resolved	16	static
../Communication/Ethernet/moongose/mongoose.c:5979:6:mg_connect_resolved	48	static
../Communication/Ethernet/moongose/mongoose.c:6016:6:mg_open_listener	16	static
../Communication/Ethernet/moongose/mongoose.c:6021:13:write_conn	24	static
../Communication/Ethernet/moongose/mongoose.c:6032:13:init_closure	80	static
../Communication/Ethernet/moongose/mongoose.c:6046:13:close_conn	24	static
../Communication/Ethernet/moongose/mongoose.c:6052:13:can_write	16	static
../Communication/Ethernet/moongose/mongoose.c:6057:6:mg_mgr_poll	64	static
../Communication/Ethernet/moongose/mongoose.c:6081:6:mg_send	64	static
../Communication/Ethernet/moongose/mongoose.c:6227:6:mg_ota_begin	32	static
../Communication/Ethernet/moongose/mongoose.c:6247:6:mg_ota_write	72	dynamic
../Communication/Ethernet/moongose/mongoose.c:6269:25:mg_fwkey	24	static
../Communication/Ethernet/moongose/mongoose.c:6277:6:mg_ota_end	64	static
../Communication/Ethernet/moongose/mongoose.c:6298:34:mg_otadata	48	static
../Communication/Ethernet/moongose/mongoose.c:6308:5:mg_ota_status	32	static
../Communication/Ethernet/moongose/mongoose.c:6312:10:mg_ota_crc32	32	static
../Communication/Ethernet/moongose/mongoose.c:6316:10:mg_ota_timestamp	32	static
../Communication/Ethernet/moongose/mongoose.c:6320:8:mg_ota_size	32	static
../Communication/Ethernet/moongose/mongoose.c:6325:14:mg_ota_commit	32	static
../Communication/Ethernet/moongose/mongoose.c:6336:6:mg_ota_rollback	24	static
../Communication/Ethernet/moongose/mongoose.c:6413:8:mg_queue_vprintf	32	static
../Communication/Ethernet/moongose/mongoose.c:6425:8:mg_queue_printf	28	static
../Communication/Ethernet/moongose/mongoose.c:6434:13:mg_pfn_iobuf_private	24	static
../Communication/Ethernet/moongose/mongoose.c:6445:13:mg_putchar_iobuf_static	16	static
../Communication/Ethernet/moongose/mongoose.c:6449:6:mg_pfn_iobuf	16	static
../Communication/Ethernet/moongose/mongoose.c:6453:8:mg_vsnprintf	48	static
../Communication/Ethernet/moongose/mongoose.c:6460:8:mg_snprintf	24	static
../Communication/Ethernet/moongose/mongoose.c:6469:7:mg_vmprintf	32	static
../Communication/Ethernet/moongose/mongoose.c:6475:7:mg_mprintf	16	static
../Communication/Ethernet/moongose/mongoose.c:6484:6:mg_pfn_stdout	16	static
../Communication/Ethernet/moongose/mongoose.c:6489:15:print_ip4	40	static
../Communication/Ethernet/moongose/mongoose.c:6493:15:print_ip6	80	static
../Communication/Ethernet/moongose/mongoose.c:6500:8:mg_print_ip4	32	static
../Communication/Ethernet/moongose/mongoose.c:6505:8:mg_print_ip6	32	static
../Communication/Ethernet/moongose/mongoose.c:6510:8:mg_print_ip	32	static
../Communication/Ethernet/moongose/mongoose.c:6516:8:mg_print_ip_port	40	static
../Communication/Ethernet/moongose/mongoose.c:6521:8:mg_print_mac	64	static
../Communication/Ethernet/moongose/mongoose.c:6527:13:mg_esc	32	static
../Communication/Ethernet/moongose/mongoose.c:6535:13:mg_escape	16	static
../Communication/Ethernet/moongose/mongoose.c:6539:15:qcpy	40	static
../Communication/Ethernet/moongose/mongoose.c:6553:15:bcpy	48	static
../Communication/Ethernet/moongose/mongoose.c:6570:8:mg_print_hex	40	static
../Communication/Ethernet/moongose/mongoose.c:6581:8:mg_print_base64	32	static
../Communication/Ethernet/moongose/mongoose.c:6587:8:mg_print_esc	32	static
../Communication/Ethernet/moongose/mongoose.c:6623:6:mg_queue_init	24	static
../Communication/Ethernet/moongose/mongoose.c:6629:15:mg_queue_read_len	24	static
../Communication/Ethernet/moongose/mongoose.c:6637:13:mg_queue_write_len	24	static
../Communication/Ethernet/moongose/mongoose.c:6643:8:mg_queue_book	32	static
../Communication/Ethernet/moongose/mongoose.c:6656:8:mg_queue_next	24	static
../Communication/Ethernet/moongose/mongoose.c:6670:6:mg_queue_add	16	static
../Communication/Ethernet/moongose/mongoose.c:6677:6:mg_queue_del	16	static
../Communication/Ethernet/moongose/mongoose.c:6688:6:mg_rpc_add	48	static
../Communication/Ethernet/moongose/mongoose.c:6699:6:mg_rpc_del	24	static
../Communication/Ethernet/moongose/mongoose.c:6712:13:mg_rpc_call	40	static
../Communication/Ethernet/moongose/mongoose.c:6723:6:mg_rpc_process	48	static
../Communication/Ethernet/moongose/mongoose.c:6737:6:mg_rpc_vok	72	static
../Communication/Ethernet/moongose/mongoose.c:6747:6:mg_rpc_ok	28	static
../Communication/Ethernet/moongose/mongoose.c:6754:6:mg_rpc_verr	80	static
../Communication/Ethernet/moongose/mongoose.c:6767:6:mg_rpc_err	24	static
../Communication/Ethernet/moongose/mongoose.c:6774:15:print_methods	56	static
../Communication/Ethernet/moongose/mongoose.c:6785:6:mg_rpc_list	16	static
../Communication/Ethernet/moongose/mongoose.c:6804:17:blk0	16	static
../Communication/Ethernet/moongose/mongoose.c:6841:13:mg_sha1_transform	112	static
../Communication/Ethernet/moongose/mongoose.c:6948:6:mg_sha1_init	16	static
../Communication/Ethernet/moongose/mongoose.c:6957:6:mg_sha1_update	32	static
../Communication/Ethernet/moongose/mongoose.c:6977:6:mg_sha1_final	32	static
../Communication/Ethernet/moongose/mongoose.c:7033:6:mg_sha256_init	16	static
../Communication/Ethernet/moongose/mongoose.c:7046:13:mg_sha256_chunk	320	static
../Communication/Ethernet/moongose/mongoose.c:7090:6:mg_sha256_update	40	static
../Communication/Ethernet/moongose/mongoose.c:7104:6:mg_sha256_final	40	static
../Communication/Ethernet/moongose/mongoose.c:7143:6:mg_hmac_sha256	344	static
../Communication/Ethernet/moongose/mongoose.c:7186:10:mg_now	16	static
../Communication/Ethernet/moongose/mongoose.c:7190:16:gettimestamp	56	static
../Communication/Ethernet/moongose/mongoose.c:7196:9:mg_sntp_parse	120	static
../Communication/Ethernet/moongose/mongoose.c:7221:13:sntp_cb	56	static
../Communication/Ethernet/moongose/mongoose.c:7243:6:mg_sntp_request	96	static
../Communication/Ethernet/moongose/mongoose.c:7258:23:mg_sntp_connect	32	static
../Communication/Ethernet/moongose/mongoose.c:8097:6:mg_http_serve_ssi	24	static
../Communication/Ethernet/moongose/mongoose.c:8109:15:mg_str_s	24	static
../Communication/Ethernet/moongose/mongoose.c:8114:15:mg_str_n	32	static
../Communication/Ethernet/moongose/mongoose.c:8119:12:mg_tolc	16	static
../Communication/Ethernet/moongose/mongoose.c:8123:5:mg_casecmp	32	static
../Communication/Ethernet/moongose/mongoose.c:8132:15:mg_strdup	40	static
../Communication/Ethernet/moongose/mongoose.c:8146:5:mg_strcmp	40	static
../Communication/Ethernet/moongose/mongoose.c:8160:5:mg_strcasecmp	48	static
../Communication/Ethernet/moongose/mongoose.c:8174:6:mg_match	40	static
../Communication/Ethernet/moongose/mongoose.c:8208:6:mg_span	48	static
../Communication/Ethernet/moongose/mongoose.c:8221:6:mg_str_to_num	184	static
../Communication/Ethernet/moongose/mongoose.c:8299:6:mg_timer_init	24	static
../Communication/Ethernet/moongose/mongoose.c:8306:6:mg_timer_free	16	static
../Communication/Ethernet/moongose/mongoose.c:8312:6:mg_timer_expired	56	static
../Communication/Ethernet/moongose/mongoose.c:8320:6:mg_timer_poll	56	static
../Communication/Ethernet/moongose/mongoose.c:8645:6:aes_init_keygen_tables	2072	static
../Communication/Ethernet/moongose/mongoose.c:8717:12:aes_set_encryption_key	32	static
../Communication/Ethernet/moongose/mongoose.c:8795:12:aes_set_decryption_key	328	static
../Communication/Ethernet/moongose/mongoose.c:8832:12:aes_setkey	24	static
../Communication/Ethernet/moongose/mongoose.c:8878:12:aes_cipher	64	static
../Communication/Ethernet/moongose/mongoose.c:9074:5:mg_gcm_initialize	8	static
../Communication/Ethernet/moongose/mongoose.c:9088:13:gcm_mult	128	static
../Communication/Ethernet/moongose/mongoose.c:9134:12:gcm_setkey	192	static
../Communication/Ethernet/moongose/mongoose.c:9207:5:gcm_start	64	static
../Communication/Ethernet/moongose/mongoose.c:9275:5:gcm_update	72	static
../Communication/Ethernet/moongose/mongoose.c:9339:5:gcm_finish	64	static
../Communication/Ethernet/moongose/mongoose.c:9382:5:gcm_crypt_and_tag	32	static
../Communication/Ethernet/moongose/mongoose.c:9414:6:gcm_zero_ctx	16	static
../Communication/Ethernet/moongose/mongoose.c:9426:5:mg_aes_gcm_encrypt	688	static
../Communication/Ethernet/moongose/mongoose.c:9445:5:mg_aes_gcm_decrypt	696	static
../Communication/Ethernet/moongose/mongoose.c:9601:13:mg_tls_hexdump	32	static
../Communication/Ethernet/moongose/mongoose.c:9613:12:mg_der_to_tlv	32	static
../Communication/Ethernet/moongose/mongoose.c:9634:12:mg_der_find	56	static
../Communication/Ethernet/moongose/mongoose.c:9660:13:mg_tls_got_record	16	static
../Communication/Ethernet/moongose/mongoose.c:9667:13:mg_tls_drop_record	24	static
../Communication/Ethernet/moongose/mongoose.c:9675:13:mg_tls_drop_message	32	static
../Communication/Ethernet/moongose/mongoose.c:9694:13:mg_tls_derive_secret	336	static
../Communication/Ethernet/moongose/mongoose.c:9712:13:mg_tls_generate_handshake_keys	312	static
../Communication/Ethernet/moongose/mongoose.c:9778:13:mg_tls_generate_application_keys	312	static
../Communication/Ethernet/moongose/mongoose.c:9829:13:mg_tls_encrypt	112	static
../Communication/Ethernet/moongose/mongoose.c:9890:12:mg_tls_recv_record	80	static
../Communication/Ethernet/moongose/mongoose.c:9963:13:mg_tls_calc_cert_verify_hash	360	static
../Communication/Ethernet/moongose/mongoose.c:9987:12:mg_tls_server_recv_hello	56	static
../Communication/Ethernet/moongose/mongoose.c:10057:13:mg_tls_server_send_hello	224	static
../Communication/Ethernet/moongose/mongoose.c:10106:13:mg_tls_server_send_ext	32	static
../Communication/Ethernet/moongose/mongoose.c:10114:13:mg_tls_server_send_cert	32	static
../Communication/Ethernet/moongose/mongoose.c:10149:13:init_SHA256	24	static
../Communication/Ethernet/moongose/mongoose.c:10154:13:update_SHA256	32	static
../Communication/Ethernet/moongose/mongoose.c:10159:13:finish_SHA256	24	static
../Communication/Ethernet/moongose/mongoose.c:10165:13:mg_tls_send_cert_verify	496	static
../Communication/Ethernet/moongose/mongoose.c:10202:13:mg_tls_server_send_finish	216	static
../Communication/Ethernet/moongose/mongoose.c:10218:12:mg_tls_server_recv_finish	136	static
../Communication/Ethernet/moongose/mongoose.c:10240:13:mg_tls_client_send_hello	288	static
../Communication/Ethernet/moongose/mongoose.c:10342:12:mg_tls_client_recv_hello	48	static
../Communication/Ethernet/moongose/mongoose.c:10404:12:mg_tls_client_recv_ext	24	static
../Communication/Ethernet/moongose/mongoose.c:10419:12:mg_tls_client_recv_cert	112	static
../Communication/Ethernet/moongose/mongoose.c:10525:12:mg_tls_client_recv_cert_verify	144	static
../Communication/Ethernet/moongose/mongoose.c:10582:12:mg_tls_client_recv_finish	24	static
../Communication/Ethernet/moongose/mongoose.c:10597:13:mg_tls_client_send_finish	216	static
../Communication/Ethernet/moongose/mongoose.c:10611:13:mg_tls_client_handshake	408	static
../Communication/Ethernet/moongose/mongoose.c:10672:13:mg_tls_server_handshake	24	static
../Communication/Ethernet/moongose/mongoose.c:10701:6:mg_tls_handshake	16	static
../Communication/Ethernet/moongose/mongoose.c:10709:12:mg_parse_pem	120	static
../Communication/Ethernet/moongose/mongoose.c:10742:6:mg_tls_init	64	static
../Communication/Ethernet/moongose/mongoose.c:10810:6:mg_tls_free	24	static
../Communication/Ethernet/moongose/mongoose.c:10820:6:mg_tls_send	32	static
../Communication/Ethernet/moongose/mongoose.c:10834:6:mg_tls_recv	40	static
../Communication/Ethernet/moongose/mongoose.c:10861:8:mg_tls_pending	16	static
../Communication/Ethernet/moongose/mongoose.c:10865:6:mg_tls_ctx_init	16	static
../Communication/Ethernet/moongose/mongoose.c:10869:6:mg_tls_ctx_free	16	static
../Communication/Ethernet/moongose/mongoose.c:10979:13:initialize_state	24	static
../Communication/Ethernet/moongose/mongoose.c:11029:13:core_block	88	static
../Communication/Ethernet/moongose/mongoose.c:11077:13:xor_block	40	static
../Communication/Ethernet/moongose/mongoose.c:11104:13:chacha20_xor_stream	176	static
../Communication/Ethernet/moongose/mongoose.c:11142:13:rfc8439_keygen	152	static
../Communication/Ethernet/moongose/mongoose.c:11582:22:U8TO32	16	static
../Communication/Ethernet/moongose/mongoose.c:11591:13:U32TO8	16	static
../Communication/Ethernet/moongose/mongoose.c:11598:13:poly1305_init	24	static
../Communication/Ethernet/moongose/mongoose.c:11625:13:poly1305_blocks	960	static
../Communication/Ethernet/moongose/mongoose.c:11702:31:poly1305_finish	200	static
../Communication/Ethernet/moongose/mongoose.c:12084:13:poly1305_update	40	static
../Communication/Ethernet/moongose/mongoose.c:12124:32:pad_if_needed	24	static
../Communication/Ethernet/moongose/mongoose.c:12135:32:write_64bit_int	32	static
../Communication/Ethernet/moongose/mongoose.c:12149:32:poly1305_calculate_mac	216	static
../Communication/Ethernet/moongose/mongoose.c:12188:27:mg_chacha20_poly1305_encrypt	48	static
../Communication/Ethernet/moongose/mongoose.c:12203:27:mg_chacha20_poly1305_decrypt	40	static
../Communication/Ethernet/moongose/mongoose.c:12995:6:mg_uecc_set_rng	16	static
../Communication/Ethernet/moongose/mongoose.c:12999:22:mg_uecc_get_rng	4	static
../Communication/Ethernet/moongose/mongoose.c:13003:5:mg_uecc_curve_private_key_size	16	static
../Communication/Ethernet/moongose/mongoose.c:13007:5:mg_uecc_curve_public_key_size	16	static
../Communication/Ethernet/moongose/mongoose.c:13012:22:mg_uecc_vli_clear	24	static
../Communication/Ethernet/moongose/mongoose.c:13023:32:mg_uecc_vli_isZero	24	static
../Communication/Ethernet/moongose/mongoose.c:13034:32:mg_uecc_vli_testBit	16	static
../Communication/Ethernet/moongose/mongoose.c:13041:20:vli_numDigits	24	static
../Communication/Ethernet/moongose/mongoose.c:13053:28:mg_uecc_vli_numBits	32	static
../Communication/Ethernet/moongose/mongoose.c:13074:22:mg_uecc_vli_set	32	static
../Communication/Ethernet/moongose/mongoose.c:13085:20:mg_uecc_vli_cmp_unsafe	32	static
../Communication/Ethernet/moongose/mongoose.c:13101:32:mg_uecc_vli_equal	32	static
../Communication/Ethernet/moongose/mongoose.c:13118:29:mg_uecc_vli_cmp	64	static
../Communication/Ethernet/moongose/mongoose.c:13129:22:mg_uecc_vli_rshift1	32	static
../Communication/Ethernet/moongose/mongoose.c:13145:32:mg_uecc_vli_add	40	static
../Communication/Ethernet/moongose/mongoose.c:13164:32:mg_uecc_vli_sub	40	static
../Communication/Ethernet/moongose/mongoose.c:13184:13:muladd	96	static
../Communication/Ethernet/moongose/mongoose.c:13223:22:mg_uecc_vli_mult	56	static
../Communication/Ethernet/moongose/mongoose.c:13344:22:mg_uecc_vli_modAdd	32	static
../Communication/Ethernet/moongose/mongoose.c:13360:22:mg_uecc_vli_modSub	32	static
../Communication/Ethernet/moongose/mongoose.c:13375:22:mg_uecc_vli_mmod	192	static
../Communication/Ethernet/moongose/mongoose.c:13421:22:mg_uecc_vli_modMult	88	static
../Communication/Ethernet/moongose/mongoose.c:13431:22:mg_uecc_vli_modMult_fast	88	static
../Communication/Ethernet/moongose/mongoose.c:13481:22:mg_uecc_vli_modSquare_fast	24	static
../Communication/Ethernet/moongose/mongoose.c:13490:13:vli_modInv_update	32	static
../Communication/Ethernet/moongose/mongoose.c:13504:22:mg_uecc_vli_modInv	160	static
../Communication/Ethernet/moongose/mongoose.c:13601:13:double_jacobian_default	104	static
../Communication/Ethernet/moongose/mongoose.c:13650:13:x_side_default	72	static
../Communication/Ethernet/moongose/mongoose.c:13667:13:mod_sqrt_default	88	static
../Communication/Ethernet/moongose/mongoose.c:14432:15:mg_uecc_secp256r1	4	static
../Communication/Ethernet/moongose/mongoose.c:14686:13:vli_mmod_fast_secp256r1	56	static
../Communication/Ethernet/moongose/mongoose.c:15082:13:apply_z	56	static
../Communication/Ethernet/moongose/mongoose.c:15093:13:XYcZ_initial_double	72	static
../Communication/Ethernet/moongose/mongoose.c:15118:13:XYcZ_add	72	static
../Communication/Ethernet/moongose/mongoose.c:15146:13:XYcZ_addC	144	static
../Communication/Ethernet/moongose/mongoose.c:15186:13:EccPoint_mult	208	static
../Communication/Ethernet/moongose/mongoose.c:15230:23:regularize_k	32	static
../Communication/Ethernet/moongose/mongoose.c:15245:21:mg_uecc_generate_random_int	40	static
../Communication/Ethernet/moongose/mongoose.c:15271:23:EccPoint_compute_public_key	112	static
../Communication/Ethernet/moongose/mongoose.c:15319:22:mg_uecc_vli_nativeToBytes	32	static
../Communication/Ethernet/moongose/mongoose.c:15329:22:mg_uecc_vli_bytesToNative	32	static
../Communication/Ethernet/moongose/mongoose.c:15345:5:mg_uecc_make_key	128	static
../Communication/Ethernet/moongose/mongoose.c:15376:5:mg_uecc_shared_secret	192	static
../Communication/Ethernet/moongose/mongoose.c:15423:6:mg_uecc_compress	32	static
../Communication/Ethernet/moongose/mongoose.c:15436:6:mg_uecc_decompress	96	static
../Communication/Ethernet/moongose/mongoose.c:15463:21:mg_uecc_valid_point	88	static
../Communication/Ethernet/moongose/mongoose.c:15487:5:mg_uecc_valid_public_key	80	static
../Communication/Ethernet/moongose/mongoose.c:15502:5:mg_uecc_compute_public_key	120	static
../Communication/Ethernet/moongose/mongoose.c:15542:13:bits2int	48	static
../Communication/Ethernet/moongose/mongoose.c:15579:12:mg_uecc_sign_with_k_internal	192	static
../Communication/Ethernet/moongose/mongoose.c:15676:5:mg_uecc_sign	72	static
../Communication/Ethernet/moongose/mongoose.c:15697:13:HMAC_init	24	static
../Communication/Ethernet/moongose/mongoose.c:15708:13:HMAC_update	24	static
../Communication/Ethernet/moongose/mongoose.c:15713:13:HMAC_finish	32	static
../Communication/Ethernet/moongose/mongoose.c:15729:13:update_V	24	static
../Communication/Ethernet/moongose/mongoose.c:15744:5:mg_uecc_sign_deterministic	96	static
../Communication/Ethernet/moongose/mongoose.c:15817:19:smax	16	static
../Communication/Ethernet/moongose/mongoose.c:15821:5:mg_uecc_verify	520	static
../Communication/Ethernet/moongose/mongoose.c:16026:15:umaal	88	static
../Communication/Ethernet/moongose/mongoose.c:16033:15:adc	72	static
../Communication/Ethernet/moongose/mongoose.c:16039:15:adc0	40	static
../Communication/Ethernet/moongose/mongoose.c:16049:13:propagate	32	static
../Communication/Ethernet/moongose/mongoose.c:16061:13:add	40	static
../Communication/Ethernet/moongose/mongoose.c:16070:13:sub	72	static
../Communication/Ethernet/moongose/mongoose.c:16083:13:mul	120	static
../Communication/Ethernet/moongose/mongoose.c:16106:13:sqr	16	static
../Communication/Ethernet/moongose/mongoose.c:16109:13:mul1	16	static
../Communication/Ethernet/moongose/mongoose.c:16112:13:sqr1	16	static
../Communication/Ethernet/moongose/mongoose.c:16116:13:condswap	32	static
../Communication/Ethernet/moongose/mongoose.c:16129:15:canon	80	static
../Communication/Ethernet/moongose/mongoose.c:16160:13:ladder_part1	40	static
../Communication/Ethernet/moongose/mongoose.c:16177:13:ladder_part2	40	static
../Communication/Ethernet/moongose/mongoose.c:16187:13:x25519_core	88	static
../Communication/Ethernet/moongose/mongoose.c:16221:5:mg_tls_x25519	256	static
../Communication/Ethernet/moongose/mongoose.c:16273:5:mg_url_is_ssl	16	static
../Communication/Ethernet/moongose/mongoose.c:16279:19:urlparse	56	static
../Communication/Ethernet/moongose/mongoose.c:16307:15:mg_url_host	56	static
../Communication/Ethernet/moongose/mongoose.c:16316:13:mg_url_uri	48	static
../Communication/Ethernet/moongose/mongoose.c:16321:16:mg_url_port	48	static
../Communication/Ethernet/moongose/mongoose.c:16333:15:mg_url_user	64	static
../Communication/Ethernet/moongose/mongoose.c:16343:15:mg_url_pass	64	static
../Communication/Ethernet/moongose/mongoose.c:16361:6:mg_bzero	16	static
../Communication/Ethernet/moongose/mongoose.c:16416:7:mg_random_str	24	static
../Communication/Ethernet/moongose/mongoose.c:16429:10:mg_ntohl	24	static
../Communication/Ethernet/moongose/mongoose.c:16436:10:mg_ntohs	24	static
../Communication/Ethernet/moongose/mongoose.c:16442:10:mg_crc32	32	static
../Communication/Ethernet/moongose/mongoose.c:16457:12:isbyte	16	static
../Communication/Ethernet/moongose/mongoose.c:16461:12:parse_net	72	static
../Communication/Ethernet/moongose/mongoose.c:16475:5:mg_check_ip_acl	56	static
../Communication/Ethernet/moongose/mongoose.c:16493:6:mg_path_is_sane	24	static
../Communication/Ethernet/moongose/mongoose.c:16507:10:mg_millis	16	static
../Communication/Ethernet/moongose/mongoose.c:16574:8:mg_ws_vprintf	32	static
../Communication/Ethernet/moongose/mongoose.c:16582:8:mg_ws_printf	24	static
../Communication/Ethernet/moongose/mongoose.c:16591:13:ws_handshake	176	static
../Communication/Ethernet/moongose/mongoose.c:16617:17:be32	16	static
../Communication/Ethernet/moongose/mongoose.c:16622:15:ws_process	56	static
../Communication/Ethernet/moongose/mongoose.c:16652:15:mkhdr	48	static
../Communication/Ethernet/moongose/mongoose.c:16680:13:mg_ws_mask	32	static
../Communication/Ethernet/moongose/mongoose.c:16688:8:mg_ws_send	48	static
../Communication/Ethernet/moongose/mongoose.c:16699:13:mg_ws_client_handshake	560	static
../Communication/Ethernet/moongose/mongoose.c:16722:13:mg_ws_cb	72	static
../Communication/Ethernet/moongose/mongoose.c:16791:23:mg_ws_connect	112	static
../Communication/Ethernet/moongose/mongoose.c:16821:6:mg_ws_upgrade	40	static
../Communication/Ethernet/moongose/mongoose.c:16841:8:mg_ws_wrap	48	static
../Communication/Ethernet/moongose/mongoose.c:17201:20:mg_phy_id_to_str	16	static
../Communication/Ethernet/moongose/mongoose.c:17226:6:mg_phy_init	32	static
../Communication/Ethernet/moongose/mongoose.c:17275:6:mg_phy_up	48	static
../Communication/Ethernet/moongose/mongoose.c:18082:17:eth_read_phy	16	static
../Communication/Ethernet/moongose/mongoose.c:18090:13:eth_write_phy	16	static
../Communication/Ethernet/moongose/mongoose.c:18098:13:mg_tcpip_driver_stm32h_init	48	static
../Communication/Ethernet/moongose/mongoose.c:18173:15:mg_tcpip_driver_stm32h_tx	40	static
../Communication/Ethernet/moongose/mongoose.c:18197:13:mg_tcpip_driver_stm32h_up	40	static
../Communication/Ethernet/moongose/mongoose.c:18225:6:ETH_IRQHandler	16	static
