../Application/Main_Program/Safety/safety.c:40:27:check_limit_tag	24	static
../Application/Main_Program/Safety/safety.c:129:13:isQrChanged	16	static
../Application/Main_Program/Safety/safety.c:147:6:sensorTrigger	16	static
../Application/Main_Program/Safety/safety.c:156:13:getAxisShuttle	4	static
../Application/Main_Program/Safety/safety.c:173:7:errorStatus	24	static
../Application/Main_Program/Safety/safety.c:184:7:alarmStatus	24	static
../Application/Main_Program/Safety/safety.c:194:34:checkObstacleAxisY	16	static
../Application/Main_Program/Safety/safety.c:234:34:checkObstacleAxisX	16	static
../Application/Main_Program/Safety/safety.c:276:34:checkObjectAxisX	16	static
../Application/Main_Program/Safety/safety.c:320:34:checkPalletPositionAlarm	16	static
../Application/Main_Program/Safety/safety.c:333:34:checkEmgButton	16	static
../Application/Main_Program/Safety/safety.c:352:34:checkLowPower	16	static
../Application/Main_Program/Safety/safety.c:368:34:checkMotorError	16	static
../Application/Main_Program/Safety/safety.c:389:34:checkQrConnectionError	16	static
../Application/Main_Program/Safety/safety.c:423:34:checkOverLoad	16	static
../Application/Main_Program/Safety/safety.c:442:34:checkOverTimeHydraulic	16	static
../Application/Main_Program/Safety/safety.c:462:34:checkOverDistanceQr	40	static
../Application/Main_Program/Safety/safety.c:494:14:getShuttleErrorStatus	24	static
../Application/Main_Program/Safety/safety.c:541:13:safetyTask	16	static
../Application/Main_Program/Safety/safety.c:573:6:safetyTaskInit	8	static
../Application/Main_Program/Safety/safety.c:577:6:shuttleErrorState	4	static
