../Application/Main_Program/Safety/safety.c:66:27:check_limit_tag	24	static
../Application/Main_Program/Safety/safety.c:155:13:isQrChanged	16	static
../Application/Main_Program/Safety/safety.c:173:6:sensorTrigger	16	static
../Application/Main_Program/Safety/safety.c:182:13:getAxisShuttle	4	static
../Application/Main_Program/Safety/safety.c:199:7:errorStatus	24	static
../Application/Main_Program/Safety/safety.c:210:7:alarmStatus	24	static
../Application/Main_Program/Safety/safety.c:220:34:checkObstacleAxisY	24	static
../Application/Main_Program/Safety/safety.c:260:34:checkObstacleAxisX	24	static
../Application/Main_Program/Safety/safety.c:302:34:checkObjectAxisX	24	static
../Application/Main_Program/Safety/safety.c:346:34:checkPalletPositionAlarm	16	static
../Application/Main_Program/Safety/safety.c:359:34:checkEmgButton	16	static
../Application/Main_Program/Safety/safety.c:378:34:checkLowPower	16	static
../Application/Main_Program/Safety/safety.c:394:34:checkMotorError	16	static
../Application/Main_Program/Safety/safety.c:415:34:checkQrConnectionError	16	static
../Application/Main_Program/Safety/safety.c:449:34:checkOverLoad	16	static
../Application/Main_Program/Safety/safety.c:468:34:checkOverTimeHydraulic	16	static
../Application/Main_Program/Safety/safety.c:488:34:checkOverDistanceQr	40	static
../Application/Main_Program/Safety/safety.c:520:14:getShuttleErrorStatus	24	static
../Application/Main_Program/Safety/safety.c:567:13:safetyTask	16	static
../Application/Main_Program/Safety/safety.c:599:6:safetyTaskInit	8	static
../Application/Main_Program/Safety/safety.c:603:6:shuttleErrorState	4	static
