../Application/Main_Program/Safety/safety.c:64:27:check_limit_tag	24	static
../Application/Main_Program/Safety/safety.c:152:13:isQrChanged	16	static
../Application/Main_Program/Safety/safety.c:170:6:sensorTrigger	16	static
../Application/Main_Program/Safety/safety.c:179:13:getAxisShuttle	4	static
../Application/Main_Program/Safety/safety.c:196:7:errorStatus	24	static
../Application/Main_Program/Safety/safety.c:207:7:alarmStatus	24	static
../Application/Main_Program/Safety/safety.c:217:34:checkObstacleAxisY	24	static
../Application/Main_Program/Safety/safety.c:257:34:checkObstacleAxisX	24	static
../Application/Main_Program/Safety/safety.c:299:34:checkObjectAxisX	24	static
../Application/Main_Program/Safety/safety.c:342:34:checkPalletPositionAlarm	16	static
../Application/Main_Program/Safety/safety.c:355:34:checkEmgButton	16	static
../Application/Main_Program/Safety/safety.c:372:34:checkMotorError	16	static
../Application/Main_Program/Safety/safety.c:392:34:checkQrConnectionError	16	static
../Application/Main_Program/Safety/safety.c:425:34:checkOverLoad	16	static
../Application/Main_Program/Safety/safety.c:444:34:checkOverTimeHydraulic	16	static
../Application/Main_Program/Safety/safety.c:464:34:checkOverDistanceQr	40	static
../Application/Main_Program/Safety/safety.c:494:14:getShuttleErrorStatus	24	static
../Application/Main_Program/Safety/safety.c:534:13:safetyTask	16	static
../Application/Main_Program/Safety/safety.c:566:6:safetyTaskInit	8	static
../Application/Main_Program/Safety/safety.c:570:6:shuttleErrorState	4	static
