../Application/Main_Program/Safety/safety.c:34:27:check_limit_tag	24	static
../Application/Main_Program/Safety/safety.c:122:13:isQrChanged	16	static
../Application/Main_Program/Safety/safety.c:140:6:sensorTrigger	16	static
../Application/Main_Program/Safety/safety.c:149:13:getAxisShuttle	4	static
../Application/Main_Program/Safety/safety.c:166:7:errorStatus	24	static
../Application/Main_Program/Safety/safety.c:177:7:alarmStatus	24	static
../Application/Main_Program/Safety/safety.c:187:34:checkObstacleAxisY	16	static
../Application/Main_Program/Safety/safety.c:223:34:checkObstacleAxisX	16	static
../Application/Main_Program/Safety/safety.c:258:34:checkObjectAxisX	16	static
../Application/Main_Program/Safety/safety.c:293:34:checkPalletPositionAlarm	16	static
../Application/Main_Program/Safety/safety.c:306:34:checkEmgButton	16	static
../Application/Main_Program/Safety/safety.c:323:34:checkMotorError	16	static
../Application/Main_Program/Safety/safety.c:342:34:checkQrConnectionError	16	static
../Application/Main_Program/Safety/safety.c:375:34:checkOverLoad	16	static
../Application/Main_Program/Safety/safety.c:394:34:checkOverTimeHydraulic	16	static
../Application/Main_Program/Safety/safety.c:414:34:checkOverDistanceQr	40	static
../Application/Main_Program/Safety/safety.c:444:14:getShuttleErrorStatus	24	static
../Application/Main_Program/Safety/safety.c:484:13:safetyTask	16	static
../Application/Main_Program/Safety/safety.c:515:6:safetyTaskInit	8	static
../Application/Main_Program/Safety/safety.c:519:6:shuttleErrorState	4	static
