../Application/Main_Program/Safety/safety.c:34:13:isQrChanged	16	static
../Application/Main_Program/Safety/safety.c:52:6:sensorTrigger	16	static
../Application/Main_Program/Safety/safety.c:61:13:getAxisShuttle	4	static
../Application/Main_Program/Safety/safety.c:78:7:errorStatus	24	static
../Application/Main_Program/Safety/safety.c:89:7:alarmStatus	24	static
../Application/Main_Program/Safety/safety.c:99:34:checkObstacleAxisY	16	static
../Application/Main_Program/Safety/safety.c:135:34:checkObstacleAxisX	16	static
../Application/Main_Program/Safety/safety.c:170:34:checkObjectAxisX	16	static
../Application/Main_Program/Safety/safety.c:205:34:checkPalletPositionAlarm	16	static
../Application/Main_Program/Safety/safety.c:218:34:checkEmgButton	16	static
../Application/Main_Program/Safety/safety.c:234:34:checkMotorError	16	static
../Application/Main_Program/Safety/safety.c:253:34:checkQrConnectionError	16	static
../Application/Main_Program/Safety/safety.c:269:34:checkTagEmg	16	static
../Application/Main_Program/Safety/safety.c:286:34:checkOverLoad	16	static
../Application/Main_Program/Safety/safety.c:305:34:checkOverTimeHydraulic	16	static
../Application/Main_Program/Safety/safety.c:325:34:checkOverDistanceQr	40	static
../Application/Main_Program/Safety/safety.c:355:14:getShuttleErrorStatus	24	static
../Application/Main_Program/Safety/safety.c:395:13:safetyTask	16	static
../Application/Main_Program/Safety/safety.c:424:6:safetyTaskInit	8	static
../Application/Main_Program/Safety/safety.c:428:6:shuttleErrorState	4	static
