../Application/Main_Program/Safety/safety.c:66:27:check_limit_tag	24	static
../Application/Main_Program/Safety/safety.c:154:13:isQrChanged	16	static
../Application/Main_Program/Safety/safety.c:172:6:sensorTrigger	16	static
../Application/Main_Program/Safety/safety.c:181:13:getAxisShuttle	4	static
../Application/Main_Program/Safety/safety.c:198:7:errorStatus	24	static
../Application/Main_Program/Safety/safety.c:209:7:alarmStatus	24	static
../Application/Main_Program/Safety/safety.c:219:34:checkObstacleAxisY	24	static
../Application/Main_Program/Safety/safety.c:259:34:checkObstacleAxisX	24	static
../Application/Main_Program/Safety/safety.c:301:34:checkObjectAxisX	24	static
../Application/Main_Program/Safety/safety.c:345:34:checkPalletPositionAlarm	16	static
../Application/Main_Program/Safety/safety.c:358:34:checkEmgButton	16	static
../Application/Main_Program/Safety/safety.c:376:34:checkLowPower	16	static
../Application/Main_Program/Safety/safety.c:394:34:checkMotorError	16	static
../Application/Main_Program/Safety/safety.c:414:34:checkQrConnectionError	16	static
../Application/Main_Program/Safety/safety.c:447:34:checkOverLoad	16	static
../Application/Main_Program/Safety/safety.c:466:34:checkOverTimeHydraulic	16	static
../Application/Main_Program/Safety/safety.c:486:34:checkOverDistanceQr	40	static
../Application/Main_Program/Safety/safety.c:516:14:getShuttleErrorStatus	24	static
../Application/Main_Program/Safety/safety.c:563:13:safetyTask	16	static
../Application/Main_Program/Safety/safety.c:595:6:safetyTaskInit	8	static
../Application/Main_Program/Safety/safety.c:599:6:shuttleErrorState	4	static
