../Application/Main_Program/Safety/safety.c:37:13:isQrChanged	16	static
../Application/Main_Program/Safety/safety.c:55:6:sensorTrigger	16	static
../Application/Main_Program/Safety/safety.c:64:13:getAxisShuttle	4	static
../Application/Main_Program/Safety/safety.c:81:7:errorStatus	24	static
../Application/Main_Program/Safety/safety.c:92:7:alarmStatus	24	static
../Application/Main_Program/Safety/safety.c:102:34:checkObstacleAxisY	16	static
../Application/Main_Program/Safety/safety.c:138:34:checkObstacleAxisX	16	static
../Application/Main_Program/Safety/safety.c:173:34:checkObjectAxisX	16	static
../Application/Main_Program/Safety/safety.c:208:34:checkPalletPositionAlarm	16	static
../Application/Main_Program/Safety/safety.c:221:34:checkEmgButton	16	static
../Application/Main_Program/Safety/safety.c:238:34:checkMotorError	16	static
../Application/Main_Program/Safety/safety.c:257:34:checkQrConnectionError	16	static
../Application/Main_Program/Safety/safety.c:273:34:checkTagEmg	16	static
../Application/Main_Program/Safety/safety.c:290:34:checkOverLoad	16	static
../Application/Main_Program/Safety/safety.c:309:34:checkOverTimeHydraulic	16	static
../Application/Main_Program/Safety/safety.c:329:34:checkOverDistanceQr	40	static
../Application/Main_Program/Safety/safety.c:359:14:getShuttleErrorStatus	24	static
../Application/Main_Program/Safety/safety.c:399:13:safetyTask	16	static
../Application/Main_Program/Safety/safety.c:429:6:safetyTaskInit	8	static
../Application/Main_Program/Safety/safety.c:433:6:shuttleErrorState	4	static
