../Application/Main_Program/Safety/safety.c:36:13:isQrChanged	16	static
../Application/Main_Program/Safety/safety.c:54:6:sensorTrigger	16	static
../Application/Main_Program/Safety/safety.c:63:13:getAxisShuttle	4	static
../Application/Main_Program/Safety/safety.c:80:7:errorStatus	24	static
../Application/Main_Program/Safety/safety.c:91:7:alarmStatus	24	static
../Application/Main_Program/Safety/safety.c:101:34:checkObstacleAxisY	16	static
../Application/Main_Program/Safety/safety.c:137:34:checkObstacleAxisX	16	static
../Application/Main_Program/Safety/safety.c:172:34:checkObjectAxisX	16	static
../Application/Main_Program/Safety/safety.c:207:34:checkPalletPositionAlarm	16	static
../Application/Main_Program/Safety/safety.c:220:34:checkEmgButton	16	static
../Application/Main_Program/Safety/safety.c:236:34:checkMotorError	16	static
../Application/Main_Program/Safety/safety.c:255:34:checkQrConnectionError	16	static
../Application/Main_Program/Safety/safety.c:271:34:checkTagEmg	16	static
../Application/Main_Program/Safety/safety.c:288:34:checkOverLoad	16	static
../Application/Main_Program/Safety/safety.c:307:34:checkOverTimeHydraulic	16	static
../Application/Main_Program/Safety/safety.c:327:34:checkOverDistanceQr	40	static
../Application/Main_Program/Safety/safety.c:357:14:getShuttleErrorStatus	24	static
../Application/Main_Program/Safety/safety.c:397:13:safetyTask	16	static
../Application/Main_Program/Safety/safety.c:426:6:safetyTaskInit	8	static
../Application/Main_Program/Safety/safety.c:430:6:shuttleErrorState	4	static
