../Peripherals/gpio/u_gpio.c:76:6:DigitalSensorRead	24	static
../Peripherals/gpio/u_gpio.c:123:6:ResetOutput	8	static
../Peripherals/gpio/u_gpio.c:139:6:ControlBuzzer	16	static
../Peripherals/gpio/u_gpio.c:148:6:ControlCharger	16	static
../Peripherals/gpio/u_gpio.c:157:6:ControlFan	16	static
../Peripherals/gpio/u_gpio.c:166:6:ControlPump	16	static
../Peripherals/gpio/u_gpio.c:175:6:ControlResetDriver	16	static
../Peripherals/gpio/u_gpio.c:184:6:ControlValveL1	16	static
../Peripherals/gpio/u_gpio.c:193:6:ControlValveL2	16	static
../Peripherals/gpio/u_gpio.c:202:6:ControlValveL3	16	static
