../Core/Src/main.c:121:6:selectMode	16	static
../Core/Src/main.c:154:5:_write	24	static
../Core/Src/main.c:160:6:mg_random	24	static
../Core/Src/main.c:174:5:main	8	static
../Core/Src/main.c:286:6:SystemClock_Config	128	static
../Core/Src/main.c:354:13:MX_ETH_Init	8	static
../Core/Src/main.c:403:13:MX_FDCAN1_Init	8	static
../Core/Src/main.c:456:13:MX_I2C3_Init	8	static
../Core/Src/main.c:504:13:MX_RNG_Init	8	static
../Core/Src/main.c:531:13:MX_SPI2_Init	8	static
../Core/Src/main.c:579:13:MX_SPI4_Init	8	static
../Core/Src/main.c:627:13:MX_TIM1_Init	112	static
../Core/Src/main.c:711:13:MX_UART7_Init	8	static
../Core/Src/main.c:759:13:MX_USART3_UART_Init	8	static
../Core/Src/main.c:807:13:MX_USART6_UART_Init	8	static
../Core/Src/main.c:853:13:MX_DMA_Init	16	static
../Core/Src/main.c:877:13:MX_GPIO_Init	72	static
../Core/Src/main.c:1061:6:StartMongooseTask	16	static
../Core/Src/main.c:1075:6:MPU_Config	24	static
../Core/Src/main.c:1110:6:HAL_TIM_PeriodElapsedCallback	16	static
../Core/Src/main.c:1127:6:Error_Handler	4	static,ignoring_inline_asm
