../Core/Src/stm32h7xx_it.c:78:6:NMI_Handler	4	static
../Core/Src/stm32h7xx_it.c:93:6:HardFault_Handler	4	static
../Core/Src/stm32h7xx_it.c:108:6:MemManage_Handler	4	static
../Core/Src/stm32h7xx_it.c:123:6:BusFault_Handler	4	static
../Core/Src/stm32h7xx_it.c:138:6:UsageFault_Handler	4	static
../Core/Src/stm32h7xx_it.c:153:6:DebugMon_Handler	4	static
../Core/Src/stm32h7xx_it.c:173:6:DMA1_Stream1_IRQHandler	8	static
../Core/Src/stm32h7xx_it.c:187:6:DMA1_Stream2_IRQHandler	8	static
../Core/Src/stm32h7xx_it.c:201:6:DMA1_Stream3_IRQHandler	8	static
../Core/Src/stm32h7xx_it.c:215:6:FDCAN1_IT0_IRQHandler	8	static
../Core/Src/stm32h7xx_it.c:229:6:TIM6_DAC_IRQHandler	8	static
../Core/Src/stm32h7xx_it.c:244:6:USART6_IRQHandler	8	static
../Core/Src/stm32h7xx_it.c:258:6:I2C3_EV_IRQHandler	8	static
../Core/Src/stm32h7xx_it.c:272:6:UART7_IRQHandler	8	static
