../Application/Database/database.c:35:6:websocketCallback	16	static
../Application/Database/database.c:41:6:mqttCallback	16	static
../Application/Database/database.c:54:13:handleRequestFromApp	4	static
../Application/Database/database.c:55:13:handleAppConnected	8	static
../Application/Database/database.c:56:13:handlePalletUp	4	static
../Application/Database/database.c:57:13:handlePalletDown	4	static
../Application/Database/database.c:58:13:handleWheelUp	4	static
../Application/Database/database.c:59:13:handleWheelDown	4	static
../Application/Database/database.c:60:13:handleLeft	4	static
../Application/Database/database.c:61:13:handleRight	4	static
../Application/Database/database.c:62:13:handleForward	4	static
../Application/Database/database.c:63:13:handleReverse	4	static
../Application/Database/database.c:64:13:handleEmg	8	static
../Application/Database/database.c:65:13:handleBrake	8	static
../Application/Database/database.c:66:13:handleTargetSpeed	8	static
../Application/Database/database.c:67:13:handleMode	8	static
../Application/Database/database.c:68:13:handleResetError	8	static
../Application/Database/database.c:95:13:processingDataApp	32	static
../Application/Database/database.c:120:6:lockCommandFromServer	4	static
../Application/Database/database.c:124:6:unlockCommandFromServer	4	static
../Application/Database/database.c:129:13:resetCommand	8	static
../Application/Database/database.c:134:13:processingDataTopicHandle	64	static
../Application/Database/database.c:159:13:processingDataTopicRun	24	static
../Application/Database/database.c:169:6:shuttleSetStatus	16	static
../Application/Database/database.c:174:6:shuttleUnSetStatus	16	static
../Application/Database/database.c:178:15:shuttleGetStatus	16	static
../Application/Database/database.c:196:9:getPackageState	4	static
../Application/Database/database.c:210:13:dataProcessTask	112	static
../Application/Database/database.c:255:6:databaseInit	8	static
