../Application/Database/database.c:37:6:websocketCallback	16	static
../Application/Database/database.c:43:6:mqttCallback	16	static
../Application/Database/database.c:56:13:handleRequestFromApp	4	static
../Application/Database/database.c:57:13:handleAppConnected	8	static
../Application/Database/database.c:58:13:handlePalletUp	4	static
../Application/Database/database.c:59:13:handlePalletDown	4	static
../Application/Database/database.c:60:13:handleWheelUp	4	static
../Application/Database/database.c:61:13:handleWheelDown	4	static
../Application/Database/database.c:62:13:handleLeft	4	static
../Application/Database/database.c:63:13:handleRight	4	static
../Application/Database/database.c:64:13:handleForward	4	static
../Application/Database/database.c:65:13:handleReverse	4	static
../Application/Database/database.c:66:13:handleEmg	8	static
../Application/Database/database.c:67:13:handleBrake	8	static
../Application/Database/database.c:68:13:handleTargetSpeed	8	static
../Application/Database/database.c:69:13:handleMode	8	static
../Application/Database/database.c:70:13:handleResetError	8	static
../Application/Database/database.c:97:13:processingDataApp	32	static
../Application/Database/database.c:122:6:lockCommandFromServer	4	static
../Application/Database/database.c:126:6:unlockCommandFromServer	4	static
../Application/Database/database.c:131:13:isUuidV4HexChar	16	static
../Application/Database/database.c:138:13:isDigitChar	16	static
../Application/Database/database.c:143:13:isMissionIdString	32	static
../Application/Database/database.c:165:13:resetCommand	8	static
../Application/Database/database.c:173:13:processingDataTopicHandle	64	static
../Application/Database/database.c:209:13:processingDataTopicRun	24	static
../Application/Database/database.c:219:6:shuttleSetStatus	16	static
../Application/Database/database.c:224:6:shuttleUnSetStatus	16	static
../Application/Database/database.c:228:15:shuttleGetStatus	16	static
../Application/Database/database.c:246:9:getPackageState	4	static
../Application/Database/database.c:260:13:dataProcessTask	112	static
../Application/Database/database.c:305:6:databaseInit	8	static
