../Peripherals/Hydraulic/hydraulic.c:70:6:pumpInit	16	static
../Peripherals/Hydraulic/hydraulic.c:82:6:pumpSet	24	static
../Peripherals/Hydraulic/hydraulic.c:102:6:pumpRead	16	static
../Peripherals/Hydraulic/hydraulic.c:122:6:hydraulicSetState	16	static
../Peripherals/Hydraulic/hydraulic.c:138:6:controlCylinder	64	static
../Peripherals/Hydraulic/hydraulic.c:228:6:configCylinderLimitSensor	24	static
../Peripherals/Hydraulic/hydraulic.c:241:6:checkErrorHydraulic	4	static
../Peripherals/Hydraulic/hydraulic.c:245:6:resetErrorHydraulic	8	static
../Peripherals/Hydraulic/hydraulic.c:252:6:setHydraulicOverload	4	static
../Peripherals/Hydraulic/hydraulic.c:257:6:hydraulicEmg	4	static
../Peripherals/Hydraulic/hydraulic.c:261:15:hydraulicGetState	4	static
../Peripherals/Hydraulic/hydraulic.c:266:13:hydraulicOffTask	16	static
../Peripherals/Hydraulic/hydraulic.c:286:6:hydraulicTaskInit	8	static
