../Peripherals/Hydraulic/hydraulic.c:66:6:pumpInit	16	static
../Peripherals/Hydraulic/hydraulic.c:78:6:pumpSet	24	static
../Peripherals/Hydraulic/hydraulic.c:99:6:pumpRead	16	static
../Peripherals/Hydraulic/hydraulic.c:119:6:hydraulicSetState	16	static
../Peripherals/Hydraulic/hydraulic.c:134:6:controlCylinder	56	static
../Peripherals/Hydraulic/hydraulic.c:198:6:configCylinderLimitSensor	24	static
../Peripherals/Hydraulic/hydraulic.c:211:6:checkErrorHydraulic	4	static
../Peripherals/Hydraulic/hydraulic.c:215:6:resetErrorHydraulic	8	static
../Peripherals/Hydraulic/hydraulic.c:222:6:setHydraulicOverload	4	static
../Peripherals/Hydraulic/hydraulic.c:227:6:hydraulicEmg	4	static
../Peripherals/Hydraulic/hydraulic.c:231:15:hydraulicGetState	4	static
../Peripherals/Hydraulic/hydraulic.c:236:13:hydraulicOffTask	16	static
../Peripherals/Hydraulic/hydraulic.c:254:6:hydraulicTaskInit	8	static
