../Peripherals/Hydraulic/hydraulic.c:81:17:hydraulicNowMs	8	static
../Peripherals/Hydraulic/hydraulic.c:86:13:pumpLockUart	16	static
../Peripherals/Hydraulic/hydraulic.c:95:13:pumpUnlockUart	8	static
../Peripherals/Hydraulic/hydraulic.c:103:13:pumpAppendCrc	24	static
../Peripherals/Hydraulic/hydraulic.c:110:13:pumpStartRx	8	static
../Peripherals/Hydraulic/hydraulic.c:118:6:pumpInit	16	static
../Peripherals/Hydraulic/hydraulic.c:142:13:pumpSet	24	static
../Peripherals/Hydraulic/hydraulic.c:176:13:pumpRead	8	static
../Peripherals/Hydraulic/hydraulic.c:201:13:pumpWriteControl	16	static
../Peripherals/Hydraulic/hydraulic.c:219:13:pumpRun	16	static
../Peripherals/Hydraulic/hydraulic.c:240:13:pumpScheduleStop	8	static
../Peripherals/Hydraulic/hydraulic.c:249:17:hydraulicMapDriverFault	16	static
../Peripherals/Hydraulic/hydraulic.c:262:13:pumpGetDriverErrorSnapshot	32	static,ignoring_inline_asm
../Peripherals/Hydraulic/hydraulic.c:271:13:pumpUpdateCommTimeout	32	static,ignoring_inline_asm
../Peripherals/Hydraulic/hydraulic.c:282:6:hydraulicUartRxEventCallback	24	static
../Peripherals/Hydraulic/hydraulic.c:313:6:hydraulicDriverPoll	16	static
../Peripherals/Hydraulic/hydraulic.c:324:6:hydraulicSetState	16	static
../Peripherals/Hydraulic/hydraulic.c:342:6:controlCylinder	64	static
../Peripherals/Hydraulic/hydraulic.c:443:6:configCylinderLimitSensor	24	static
../Peripherals/Hydraulic/hydraulic.c:456:6:checkErrorHydraulic	16	static
../Peripherals/Hydraulic/hydraulic.c:463:10:hydraulicGetErrorCode	16	static
../Peripherals/Hydraulic/hydraulic.c:474:6:resetErrorHydraulic	8	static
../Peripherals/Hydraulic/hydraulic.c:491:6:setHydraulicOverload	4	static
../Peripherals/Hydraulic/hydraulic.c:496:6:hydraulicEmg	4	static
../Peripherals/Hydraulic/hydraulic.c:500:15:hydraulicGetState	4	static
../Peripherals/Hydraulic/hydraulic.c:505:13:hydraulicOffTask	24	static
../Peripherals/Hydraulic/hydraulic.c:533:6:hydraulicTaskInit	8	static
