../Peripherals/Hydraulic/hydraulic.c:69:6:pumpInit	16	static
../Peripherals/Hydraulic/hydraulic.c:81:6:pumpSet	24	static
../Peripherals/Hydraulic/hydraulic.c:101:6:pumpRead	16	static
../Peripherals/Hydraulic/hydraulic.c:121:6:hydraulicSetState	16	static
../Peripherals/Hydraulic/hydraulic.c:137:6:controlCylinder	64	static
../Peripherals/Hydraulic/hydraulic.c:217:6:configCylinderLimitSensor	24	static
../Peripherals/Hydraulic/hydraulic.c:230:6:checkErrorHydraulic	4	static
../Peripherals/Hydraulic/hydraulic.c:234:6:resetErrorHydraulic	8	static
../Peripherals/Hydraulic/hydraulic.c:241:6:setHydraulicOverload	4	static
../Peripherals/Hydraulic/hydraulic.c:246:6:hydraulicEmg	4	static
../Peripherals/Hydraulic/hydraulic.c:250:15:hydraulicGetState	4	static
../Peripherals/Hydraulic/hydraulic.c:255:13:hydraulicOffTask	16	static
../Peripherals/Hydraulic/hydraulic.c:275:6:hydraulicTaskInit	8	static
