../Application/Main_Program/Auto/auto.c:62:6:changeAcceleration	16	static
../Application/Main_Program/Auto/auto.c:76:13:aSetSpeed	16	static
../Application/Main_Program/Auto/auto.c:83:13:aUnSetSpeed	16	static
../Application/Main_Program/Auto/auto.c:90:13:aSelectSpeed	16	static
../Application/Main_Program/Auto/auto.c:116:13:clearMission	8	static
../Application/Main_Program/Auto/auto.c:126:13:missionComplete	40	static
../Application/Main_Program/Auto/auto.c:153:13:changeDirection	16	static
../Application/Main_Program/Auto/auto.c:239:13:aGetPack	8	static
../Application/Main_Program/Auto/auto.c:286:13:aPutPack	8	static
../Application/Main_Program/Auto/auto.c:332:13:aSlowHalfRoad	24	static
../Application/Main_Program/Auto/auto.c:359:13:aSlowSpeed	8	static
../Application/Main_Program/Auto/auto.c:367:13:aVerySlowSpeed	8	static
../Application/Main_Program/Auto/auto.c:377:13:aStop	16	static
../Application/Main_Program/Auto/auto.c:440:13:aTakeAction	24	static
../Application/Main_Program/Auto/auto.c:483:13:runStep	32	static
../Application/Main_Program/Auto/auto.c:534:13:aResetFlag	8	static
../Application/Main_Program/Auto/auto.c:552:6:autoModeNomal	24	static
../Application/Main_Program/Auto/auto.c:593:6:reset_db_test	8	static
../Application/Main_Program/Auto/auto.c:596:6:reset_motorhandle	8	static
../Application/Main_Program/Auto/auto.c:604:6:Autotask	32	static
../Application/Main_Program/Auto/auto.c:662:6:autoTaskInit	8	static
../Application/Main_Program/Auto/auto.c:671:6:autoTaskSupend	8	static
../Application/Main_Program/Auto/auto.c:682:6:autoTaskResume	8	static
