../Application/Main_Program/Auto/auto.c:67:13:aSetSpeed	16	static
../Application/Main_Program/Auto/auto.c:74:13:aUnSetSpeed	16	static
../Application/Main_Program/Auto/auto.c:81:13:aSelectSpeed	16	static
../Application/Main_Program/Auto/auto.c:107:13:clearMission	8	static
../Application/Main_Program/Auto/auto.c:117:13:missionComplete	104	static
../Application/Main_Program/Auto/auto.c:137:13:reset_db_test	8	static
../Application/Main_Program/Auto/auto.c:140:13:reset_motorhandle	8	static
../Application/Main_Program/Auto/auto.c:161:13:changeDirection	16	static
../Application/Main_Program/Auto/auto.c:241:13:aGetPack	16	static
../Application/Main_Program/Auto/auto.c:305:13:aPutPack	16	static
../Application/Main_Program/Auto/auto.c:371:13:aSlowHalfRoad	24	static
../Application/Main_Program/Auto/auto.c:397:13:aSlowSpeed	8	static
../Application/Main_Program/Auto/auto.c:405:13:aVerySlowSpeed	8	static
../Application/Main_Program/Auto/auto.c:415:13:aStop	16	static
../Application/Main_Program/Auto/auto.c:480:13:aTakeAction	24	static
../Application/Main_Program/Auto/auto.c:522:13:runStep	32	static
../Application/Main_Program/Auto/auto.c:574:13:aResetFlag	16	static
../Application/Main_Program/Auto/auto.c:593:13:autoModeNomal	24	static
../Application/Main_Program/Auto/auto.c:631:6:Autotask	32	static
../Application/Main_Program/Auto/auto.c:693:6:autoTaskInit	8	static
../Application/Main_Program/Auto/auto.c:702:6:autoTaskSupend	8	static
../Application/Main_Program/Auto/auto.c:714:6:autoTaskResume	8	static
