../Application/Main_Program/Auto/auto.c:64:13:aSetSpeed	16	static
../Application/Main_Program/Auto/auto.c:71:13:aUnSetSpeed	16	static
../Application/Main_Program/Auto/auto.c:78:13:aSelectSpeed	16	static
../Application/Main_Program/Auto/auto.c:104:13:clearMission	8	static
../Application/Main_Program/Auto/auto.c:114:13:missionComplete	104	static
../Application/Main_Program/Auto/auto.c:134:13:reset_db_test	8	static
../Application/Main_Program/Auto/auto.c:137:13:reset_motorhandle	8	static
../Application/Main_Program/Auto/auto.c:158:13:changeDirection	16	static
../Application/Main_Program/Auto/auto.c:238:13:aGetPack	8	static
../Application/Main_Program/Auto/auto.c:281:13:aPutPack	8	static
../Application/Main_Program/Auto/auto.c:324:13:aSlowHalfRoad	24	static
../Application/Main_Program/Auto/auto.c:350:13:aSlowSpeed	8	static
../Application/Main_Program/Auto/auto.c:358:13:aVerySlowSpeed	8	static
../Application/Main_Program/Auto/auto.c:368:13:aStop	16	static
../Application/Main_Program/Auto/auto.c:433:13:aTakeAction	24	static
../Application/Main_Program/Auto/auto.c:475:13:runStep	32	static
../Application/Main_Program/Auto/auto.c:526:13:aResetFlag	16	static
../Application/Main_Program/Auto/auto.c:545:13:autoModeNomal	24	static
../Application/Main_Program/Auto/auto.c:583:6:Autotask	32	static
../Application/Main_Program/Auto/auto.c:646:6:autoTaskInit	8	static
../Application/Main_Program/Auto/auto.c:655:6:autoTaskSupend	8	static
../Application/Main_Program/Auto/auto.c:666:6:autoTaskResume	8	static
