../Application/Main_Program/Auto/auto.c:62:6:changeAcceleration	16	static
../Application/Main_Program/Auto/auto.c:76:13:aSetSpeed	16	static
../Application/Main_Program/Auto/auto.c:83:13:aUnSetSpeed	16	static
../Application/Main_Program/Auto/auto.c:90:13:aSelectSpeed	16	static
../Application/Main_Program/Auto/auto.c:116:13:clearMission	8	static
../Application/Main_Program/Auto/auto.c:126:13:missionComplete	40	static
../Application/Main_Program/Auto/auto.c:153:13:changeDirection	16	static
../Application/Main_Program/Auto/auto.c:233:13:aGetPack	8	static
../Application/Main_Program/Auto/auto.c:276:13:aPutPack	8	static
../Application/Main_Program/Auto/auto.c:319:13:aSlowHalfRoad	24	static
../Application/Main_Program/Auto/auto.c:345:13:aSlowSpeed	8	static
../Application/Main_Program/Auto/auto.c:353:13:aVerySlowSpeed	8	static
../Application/Main_Program/Auto/auto.c:363:13:aStop	16	static
../Application/Main_Program/Auto/auto.c:426:13:aTakeAction	24	static
../Application/Main_Program/Auto/auto.c:468:13:runStep	32	static
../Application/Main_Program/Auto/auto.c:519:13:aResetFlag	8	static
../Application/Main_Program/Auto/auto.c:537:6:autoModeNomal	24	static
../Application/Main_Program/Auto/auto.c:578:6:reset_db_test	8	static
../Application/Main_Program/Auto/auto.c:581:6:reset_motorhandle	8	static
../Application/Main_Program/Auto/auto.c:589:6:Autotask	32	static
../Application/Main_Program/Auto/auto.c:648:6:autoTaskInit	8	static
../Application/Main_Program/Auto/auto.c:657:6:autoTaskSupend	8	static
../Application/Main_Program/Auto/auto.c:668:6:autoTaskResume	8	static
