../Application/Main_Program/Auto/auto.c:69:13:aSetSpeed	16	static
../Application/Main_Program/Auto/auto.c:76:13:aUnSetSpeed	16	static
../Application/Main_Program/Auto/auto.c:83:13:aSelectSpeed	16	static
../Application/Main_Program/Auto/auto.c:109:13:clearMission	8	static
../Application/Main_Program/Auto/auto.c:119:13:missionComplete	104	static
../Application/Main_Program/Auto/auto.c:138:13:reset_db_test	8	static
../Application/Main_Program/Auto/auto.c:141:13:reset_motorhandle	8	static
../Application/Main_Program/Auto/auto.c:162:13:changeDirection	32	static
../Application/Main_Program/Auto/auto.c:249:13:aGetPack	32	static
../Application/Main_Program/Auto/auto.c:319:13:aPutPack	16	static
../Application/Main_Program/Auto/auto.c:386:13:aSlowHalfRoad	24	static
../Application/Main_Program/Auto/auto.c:412:13:aSlowSpeed	8	static
../Application/Main_Program/Auto/auto.c:430:13:aStop	16	static
../Application/Main_Program/Auto/auto.c:496:13:aTakeAction	24	static
../Application/Main_Program/Auto/auto.c:538:13:runStep	32	static
../Application/Main_Program/Auto/auto.c:590:13:aResetFlag	16	static
../Application/Main_Program/Auto/auto.c:609:13:autoModeNomal	24	static
../Application/Main_Program/Auto/auto.c:647:6:Autotask	32	static
../Application/Main_Program/Auto/auto.c:707:6:autoTaskInit	8	static
../Application/Main_Program/Auto/auto.c:716:6:autoTaskSupend	8	static
../Application/Main_Program/Auto/auto.c:730:6:autoTaskResume	8	static
