../Application/Main_Program/Auto/auto.c:69:13:aSetSpeed	16	static
../Application/Main_Program/Auto/auto.c:76:13:aUnSetSpeed	16	static
../Application/Main_Program/Auto/auto.c:83:13:aSelectSpeed	16	static
../Application/Main_Program/Auto/auto.c:109:13:clearMission	8	static
../Application/Main_Program/Auto/auto.c:121:13:missionComplete	208	static
../Application/Main_Program/Auto/auto.c:143:13:reset_db_test	8	static
../Application/Main_Program/Auto/auto.c:146:13:reset_motorhandle	8	static
../Application/Main_Program/Auto/auto.c:167:13:changeDirection	32	static
../Application/Main_Program/Auto/auto.c:254:13:aGetPack	32	static
../Application/Main_Program/Auto/auto.c:324:13:aPutPack	16	static
../Application/Main_Program/Auto/auto.c:391:13:aSlowHalfRoad	24	static
../Application/Main_Program/Auto/auto.c:417:13:aSlowSpeed	8	static
../Application/Main_Program/Auto/auto.c:435:13:aStop	16	static
../Application/Main_Program/Auto/auto.c:501:13:aTakeAction	24	static
../Application/Main_Program/Auto/auto.c:543:13:runStep	32	static
../Application/Main_Program/Auto/auto.c:595:13:aResetFlag	16	static
../Application/Main_Program/Auto/auto.c:614:13:autoModeNomal	24	static
../Application/Main_Program/Auto/auto.c:652:6:Autotask	32	static
../Application/Main_Program/Auto/auto.c:713:6:autoTaskInit	8	static
../Application/Main_Program/Auto/auto.c:722:6:autoTaskSupend	8	static
../Application/Main_Program/Auto/auto.c:736:6:autoTaskResume	8	static
