.././Communication/Ethernet/moongose/mongoose.h:208:21:mg_calloc	24	static
../Communication/Ethernet/userApplication/mongoose_impl.c:123:27:find_handler	48	static
../Communication/Ethernet/userApplication/mongoose_impl.c:139:6:mg_json_get_str2	48	static
../Communication/Ethernet/userApplication/mongoose_impl.c:159:21:authenticate	240	static
../Communication/Ethernet/userApplication/mongoose_impl.c:190:13:handle_login	312	static
../Communication/Ethernet/userApplication/mongoose_impl.c:201:13:handle_logout	272	static
../Communication/Ethernet/userApplication/mongoose_impl.c:226:13:close_uploaded_file	16	static
../Communication/Ethernet/userApplication/mongoose_impl.c:235:13:upload_handler	64	static
../Communication/Ethernet/userApplication/mongoose_impl.c:273:13:prep_upload	200	static
../Communication/Ethernet/userApplication/mongoose_impl.c:301:13:handle_uploads	56	static
../Communication/Ethernet/userApplication/mongoose_impl.c:328:13:handle_action	40	static
../Communication/Ethernet/userApplication/mongoose_impl.c:344:8:print_struct	64	static
../Communication/Ethernet/userApplication/mongoose_impl.c:369:13:handle_object	168	static
../Communication/Ethernet/userApplication/mongoose_impl.c:405:8:print_timeseries	64	static
../Communication/Ethernet/userApplication/mongoose_impl.c:417:13:handle_graph	304	static
../Communication/Ethernet/userApplication/mongoose_impl.c:429:13:handle_api_call	32	static
../Communication/Ethernet/userApplication/mongoose_impl.c:442:6:glue_update_state	4	static
../Communication/Ethernet/userApplication/mongoose_impl.c:446:13:handle_device_config_page	24	static
../Communication/Ethernet/userApplication/mongoose_impl.c:460:13:http_ev_handler	208	static
../Communication/Ethernet/userApplication/mongoose_impl.c:553:13:mqtt_event_handler	40	static
../Communication/Ethernet/userApplication/mongoose_impl.c:570:13:mqtt_timer	24	static
../Communication/Ethernet/userApplication/mongoose_impl.c:578:13:ws_event_handler	80	static
../Communication/Ethernet/userApplication/mongoose_impl.c:680:6:mongoose_init	24	static
../Communication/Ethernet/userApplication/mongoose_impl.c:721:6:mongoose_poll	8	static
