../Communication/Ethernet/userApplication/mongoose_glue.c:28:6:createTopicPub	16	static
../Communication/Ethernet/userApplication/mongoose_glue.c:34:6:user_tcpip_cf	8	static
../Communication/Ethernet/userApplication/mongoose_glue.c:52:6:glue_init	24	static
../Communication/Ethernet/userApplication/mongoose_glue.c:59:6:glue_lock_init	8	static
../Communication/Ethernet/userApplication/mongoose_glue.c:63:6:glue_lock	8	static
../Communication/Ethernet/userApplication/mongoose_glue.c:67:6:glue_unlock	8	static
../Communication/Ethernet/userApplication/mongoose_glue.c:71:6:glue_mqtt_tls_init	56	static
../Communication/Ethernet/userApplication/mongoose_glue.c:83:6:glue_mqtt_on_connect	224	static
../Communication/Ethernet/userApplication/mongoose_glue.c:116:6:glue_mqtt_on_message	24	static
../Communication/Ethernet/userApplication/mongoose_glue.c:122:6:mqtt_publish	96	static
../Communication/Ethernet/userApplication/mongoose_glue.c:150:6:glue_mqtt_on_cmd	16	static
../Communication/Ethernet/userApplication/mongoose_glue.c:154:23:glue_mqtt_connect	104	static
../Communication/Ethernet/userApplication/mongoose_glue.c:166:6:glue_websocket_on_message	16	static
../Communication/Ethernet/userApplication/mongoose_glue.c:174:5:glue_authenticate	24	static
../Communication/Ethernet/userApplication/mongoose_glue.c:187:6:glue_check_reboot	8	static
../Communication/Ethernet/userApplication/mongoose_glue.c:190:6:glue_start_reboot	16	static
../Communication/Ethernet/userApplication/mongoose_glue.c:195:8:glue_ota_begin_firmware_update	24	static
../Communication/Ethernet/userApplication/mongoose_glue.c:200:7:glue_ota_end_firmware_update	40	static
../Communication/Ethernet/userApplication/mongoose_glue.c:210:7:glue_ota_write_firmware_update	24	static
../Communication/Ethernet/userApplication/mongoose_glue.c:216:8:glue_file_open_file_upload	152	static
../Communication/Ethernet/userApplication/mongoose_glue.c:227:7:glue_file_close_file_upload	16	static
../Communication/Ethernet/userApplication/mongoose_glue.c:235:7:glue_file_write_file_upload	24	static
../Communication/Ethernet/userApplication/mongoose_glue.c:245:8:glue_graph_get_graph1	160	static
../Communication/Ethernet/userApplication/mongoose_glue.c:260:6:glue_get_state	24	static
../Communication/Ethernet/userApplication/mongoose_glue.c:263:6:glue_set_state	24	static
../Communication/Ethernet/userApplication/mongoose_glue.c:268:6:glue_get_leds	16	static
../Communication/Ethernet/userApplication/mongoose_glue.c:271:6:glue_set_leds	16	static
../Communication/Ethernet/userApplication/mongoose_glue.c:276:6:glue_get_settings	24	static
../Communication/Ethernet/userApplication/mongoose_glue.c:279:6:glue_set_settings	24	static
../Communication/Ethernet/userApplication/mongoose_glue.c:284:6:glue_get_security	16	static
../Communication/Ethernet/userApplication/mongoose_glue.c:287:6:glue_set_security	16	static
../Communication/Ethernet/userApplication/mongoose_glue.c:291:28:websocketCallback	16	static
../Communication/Ethernet/userApplication/mongoose_glue.c:292:28:mqttCallback	16	static
../Communication/Ethernet/userApplication/mongoose_glue.c:293:28:ws_transmit_timer	16	static
