../Communication/Ethernet/userApplication/mongoose_glue.c:28:6:createTopicPub	16	static
../Communication/Ethernet/userApplication/mongoose_glue.c:34:6:user_tcpip_cf	8	static
../Communication/Ethernet/userApplication/mongoose_glue.c:52:6:glue_init	24	static
../Communication/Ethernet/userApplication/mongoose_glue.c:59:6:glue_lock_init	8	static
../Communication/Ethernet/userApplication/mongoose_glue.c:63:6:glue_lock	8	static
../Communication/Ethernet/userApplication/mongoose_glue.c:67:6:glue_unlock	8	static
../Communication/Ethernet/userApplication/mongoose_glue.c:71:6:glue_mqtt_tls_init	56	static
../Communication/Ethernet/userApplication/mongoose_glue.c:83:6:glue_mqtt_on_connect	104	static
../Communication/Ethernet/userApplication/mongoose_glue.c:110:6:glue_mqtt_on_message	24	static
../Communication/Ethernet/userApplication/mongoose_glue.c:116:6:mqtt_publish	96	static
../Communication/Ethernet/userApplication/mongoose_glue.c:144:6:glue_mqtt_on_cmd	16	static
../Communication/Ethernet/userApplication/mongoose_glue.c:148:23:glue_mqtt_connect	104	static
../Communication/Ethernet/userApplication/mongoose_glue.c:160:6:glue_websocket_on_message	16	static
../Communication/Ethernet/userApplication/mongoose_glue.c:168:5:glue_authenticate	24	static
../Communication/Ethernet/userApplication/mongoose_glue.c:181:6:glue_check_reboot	8	static
../Communication/Ethernet/userApplication/mongoose_glue.c:184:6:glue_start_reboot	16	static
../Communication/Ethernet/userApplication/mongoose_glue.c:189:8:glue_ota_begin_firmware_update	24	static
../Communication/Ethernet/userApplication/mongoose_glue.c:194:7:glue_ota_end_firmware_update	40	static
../Communication/Ethernet/userApplication/mongoose_glue.c:204:7:glue_ota_write_firmware_update	24	static
../Communication/Ethernet/userApplication/mongoose_glue.c:210:8:glue_file_open_file_upload	152	static
../Communication/Ethernet/userApplication/mongoose_glue.c:221:7:glue_file_close_file_upload	16	static
../Communication/Ethernet/userApplication/mongoose_glue.c:229:7:glue_file_write_file_upload	24	static
../Communication/Ethernet/userApplication/mongoose_glue.c:239:8:glue_graph_get_graph1	160	static
../Communication/Ethernet/userApplication/mongoose_glue.c:254:6:glue_get_state	24	static
../Communication/Ethernet/userApplication/mongoose_glue.c:257:6:glue_set_state	24	static
../Communication/Ethernet/userApplication/mongoose_glue.c:262:6:glue_get_leds	16	static
../Communication/Ethernet/userApplication/mongoose_glue.c:265:6:glue_set_leds	16	static
../Communication/Ethernet/userApplication/mongoose_glue.c:270:6:glue_get_settings	24	static
../Communication/Ethernet/userApplication/mongoose_glue.c:273:6:glue_set_settings	24	static
../Communication/Ethernet/userApplication/mongoose_glue.c:278:6:glue_get_security	16	static
../Communication/Ethernet/userApplication/mongoose_glue.c:281:6:glue_set_security	16	static
../Communication/Ethernet/userApplication/mongoose_glue.c:285:28:websocketCallback	16	static
../Communication/Ethernet/userApplication/mongoose_glue.c:286:28:mqttCallback	16	static
../Communication/Ethernet/userApplication/mongoose_glue.c:287:28:ws_transmit_timer	16	static
